Archive member included to satisfy reference by file (symbol)

c:/nxp/mcuxpressoide_11.0.1_2563/ide/plugins/com.nxp.mcuxpresso.tools.win32_11.0.1.201907311258/tools/bin/../lib/gcc/arm-none-eabi/8.2.1/../../../../arm-none-eabi/lib/thumb/v6-m/nofp\libcr_nohost_nf.a(_cr__main.o)
                              ./startup/startup_mkl25z4.o (__main)
c:/nxp/mcuxpressoide_11.0.1_2563/ide/plugins/com.nxp.mcuxpresso.tools.win32_11.0.1.201907311258/tools/bin/../lib/gcc/arm-none-eabi/8.2.1/../../../../arm-none-eabi/lib/thumb/v6-m/nofp\libcr_c.a(powf.o)
                              ./source/Main_free_RTOS.o (powf)
c:/nxp/mcuxpressoide_11.0.1_2563/ide/plugins/com.nxp.mcuxpresso.tools.win32_11.0.1.201907311258/tools/bin/../lib/gcc/arm-none-eabi/8.2.1/../../../../arm-none-eabi/lib/thumb/v6-m/nofp\libcr_c.a(sqrtf.o)
                              ./source/Main_free_RTOS.o (sqrtf)
c:/nxp/mcuxpressoide_11.0.1_2563/ide/plugins/com.nxp.mcuxpresso.tools.win32_11.0.1.201907311258/tools/bin/../lib/gcc/arm-none-eabi/8.2.1/../../../../arm-none-eabi/lib/thumb/v6-m/nofp\libcr_c.a(memcpy.o)
                              ./freertos/queue.o (memcpy)
c:/nxp/mcuxpressoide_11.0.1_2563/ide/plugins/com.nxp.mcuxpresso.tools.win32_11.0.1.201907311258/tools/bin/../lib/gcc/arm-none-eabi/8.2.1/../../../../arm-none-eabi/lib/thumb/v6-m/nofp\libcr_c.a(memset.o)
                              ./source/Main_free_RTOS.o (memset)
c:/nxp/mcuxpressoide_11.0.1_2563/ide/plugins/com.nxp.mcuxpresso.tools.win32_11.0.1.201907311258/tools/bin/../lib/gcc/arm-none-eabi/8.2.1/../../../../arm-none-eabi/lib/thumb/v6-m/nofp\libcr_c.a(alloc.o)
                              ./source/buffer_functions.o (malloc)
c:/nxp/mcuxpressoide_11.0.1_2563/ide/plugins/com.nxp.mcuxpresso.tools.win32_11.0.1.201907311258/tools/bin/../lib/gcc/arm-none-eabi/8.2.1/../../../../arm-none-eabi/lib/thumb/v6-m/nofp\libcr_c.a(errno.o)
                              c:/nxp/mcuxpressoide_11.0.1_2563/ide/plugins/com.nxp.mcuxpresso.tools.win32_11.0.1.201907311258/tools/bin/../lib/gcc/arm-none-eabi/8.2.1/../../../../arm-none-eabi/lib/thumb/v6-m/nofp\libcr_c.a(powf.o) (errno)
c:/nxp/mcuxpressoide_11.0.1_2563/ide/plugins/com.nxp.mcuxpresso.tools.win32_11.0.1.201907311258/tools/bin/../lib/gcc/arm-none-eabi/8.2.1/../../../../arm-none-eabi/lib/thumb/v6-m/nofp\libcr_c.a(initio.o)
                              c:/nxp/mcuxpressoide_11.0.1_2563/ide/plugins/com.nxp.mcuxpresso.tools.win32_11.0.1.201907311258/tools/bin/../lib/gcc/arm-none-eabi/8.2.1/../../../../arm-none-eabi/lib/thumb/v6-m/nofp\libcr_nohost_nf.a(_cr__main.o) (_initio)
c:/nxp/mcuxpressoide_11.0.1_2563/ide/plugins/com.nxp.mcuxpresso.tools.win32_11.0.1.201907311258/tools/bin/../lib/gcc/arm-none-eabi/8.2.1/../../../../arm-none-eabi/lib/thumb/v6-m/nofp\libcr_c.a(modf.o)
                              ./utilities/fsl_debug_console.o (modf)
c:/nxp/mcuxpressoide_11.0.1_2563/ide/plugins/com.nxp.mcuxpresso.tools.win32_11.0.1.201907311258/tools/bin/../lib/gcc/arm-none-eabi/8.2.1/../../../../arm-none-eabi/lib/thumb/v6-m/nofp\libcr_c.a(pow.o)
                              ./utilities/fsl_debug_console.o (pow)
c:/nxp/mcuxpressoide_11.0.1_2563/ide/plugins/com.nxp.mcuxpresso.tools.win32_11.0.1.201907311258/tools/bin/../lib/gcc/arm-none-eabi/8.2.1/../../../../arm-none-eabi/lib/thumb/v6-m/nofp\libcr_c.a(setvbuf.o)
                              c:/nxp/mcuxpressoide_11.0.1_2563/ide/plugins/com.nxp.mcuxpresso.tools.win32_11.0.1.201907311258/tools/bin/../lib/gcc/arm-none-eabi/8.2.1/../../../../arm-none-eabi/lib/thumb/v6-m/nofp\libcr_c.a(initio.o) (setvbuf)
c:/nxp/mcuxpressoide_11.0.1_2563/ide/plugins/com.nxp.mcuxpresso.tools.win32_11.0.1.201907311258/tools/bin/../lib/gcc/arm-none-eabi/8.2.1/../../../../arm-none-eabi/lib/thumb/v6-m/nofp\libcr_c.a(sin.o)
                              ./source/Main_free_RTOS.o (sin)
c:/nxp/mcuxpressoide_11.0.1_2563/ide/plugins/com.nxp.mcuxpresso.tools.win32_11.0.1.201907311258/tools/bin/../lib/gcc/arm-none-eabi/8.2.1/../../../../arm-none-eabi/lib/thumb/v6-m/nofp\libcr_c.a(strlen.o)
                              ./utilities/fsl_debug_console.o (strlen)
c:/nxp/mcuxpressoide_11.0.1_2563/ide/plugins/com.nxp.mcuxpresso.tools.win32_11.0.1.201907311258/tools/bin/../lib/gcc/arm-none-eabi/8.2.1/../../../../arm-none-eabi/lib/thumb/v6-m/nofp\libcr_c.a(frexpf.o)
                              c:/nxp/mcuxpressoide_11.0.1_2563/ide/plugins/com.nxp.mcuxpresso.tools.win32_11.0.1.201907311258/tools/bin/../lib/gcc/arm-none-eabi/8.2.1/../../../../arm-none-eabi/lib/thumb/v6-m/nofp\libcr_c.a(powf.o) (frexpf)
c:/nxp/mcuxpressoide_11.0.1_2563/ide/plugins/com.nxp.mcuxpresso.tools.win32_11.0.1.201907311258/tools/bin/../lib/gcc/arm-none-eabi/8.2.1/../../../../arm-none-eabi/lib/thumb/v6-m/nofp\libcr_c.a(ldexpf.o)
                              c:/nxp/mcuxpressoide_11.0.1_2563/ide/plugins/com.nxp.mcuxpresso.tools.win32_11.0.1.201907311258/tools/bin/../lib/gcc/arm-none-eabi/8.2.1/../../../../arm-none-eabi/lib/thumb/v6-m/nofp\libcr_c.a(powf.o) (ldexpf)
[...]
Memory Configuration

Name             Origin             Length             Attributes
PROGRAM_FLASH    0x00000000         0x00020000         xr
SRAM             0x1ffff000         0x00004000         xrw
*default*        0x00000000         0xffffffff

Linker script and memory map

LOAD ./utilities/fsl_debug_console.o
LOAD ./startup/startup_mkl25z4.o
LOAD ./source/Main_free_RTOS.o
LOAD ./source/buffer_functions.o
LOAD ./source/mtb.o
LOAD ./source/semihost_hardfault.o
LOAD ./freertos/croutine.o
LOAD ./freertos/event_groups.o
LOAD ./freertos/fsl_tickless_lptmr.o
LOAD ./freertos/fsl_tickless_systick.o
LOAD ./freertos/heap_4.o
LOAD ./freertos/list.o
LOAD ./freertos/port.o
LOAD ./freertos/queue.o
LOAD ./freertos/tasks.o
LOAD ./freertos/timers.o
LOAD ./drivers/fsl_adc16.o
LOAD ./drivers/fsl_clock.o
LOAD ./drivers/fsl_common.o
LOAD ./drivers/fsl_dac.o
LOAD ./drivers/fsl_dma.o
LOAD ./drivers/fsl_dmamux.o
LOAD ./drivers/fsl_flash.o
LOAD ./drivers/fsl_gpio.o
LOAD ./drivers/fsl_lpsci.o
LOAD ./drivers/fsl_lpsci_dma.o
LOAD ./drivers/fsl_lpsci_freertos.o
LOAD ./drivers/fsl_smc.o
LOAD ./drivers/fsl_uart.o
LOAD ./drivers/fsl_uart_dma.o
LOAD ./drivers/fsl_uart_freertos.o
LOAD ./board/board.o
LOAD ./board/clock_config.o
LOAD ./board/peripherals.o
LOAD ./board/pin_mux.o
LOAD ./CMSIS/Led.o
LOAD ./CMSIS/system_MKL25Z4.o
START GROUP
LOAD c:/nxp/mcuxpressoide_11.0.1_2563/ide/plugins/com.nxp.mcuxpresso.tools.win32_11.0.1.201907311258/tools/bin/../lib/gcc/arm-none-eabi/8.2.1/../../../../arm-none-eabi/lib/thumb/v6-m/nofp\libcr_nohost_nf.a
LOAD c:/nxp/mcuxpressoide_11.0.1_2563/ide/plugins/com.nxp.mcuxpresso.tools.win32_11.0.1.201907311258/tools/bin/../lib/gcc/arm-none-eabi/8.2.1/../../../../arm-none-eabi/lib/thumb/v6-m/nofp\libcr_c.a
LOAD c:/nxp/mcuxpressoide_11.0.1_2563/ide/plugins/com.nxp.mcuxpresso.tools.win32_11.0.1.201907311258/tools/bin/../lib/gcc/arm-none-eabi/8.2.1/thumb/v6-m/nofp\libcr_eabihelpers.a
LOAD c:/nxp/mcuxpressoide_11.0.1_2563/ide/plugins/com.nxp.mcuxpresso.tools.win32_11.0.1.201907311258/tools/bin/../lib/gcc/arm-none-eabi/8.2.1/thumb/v6-m/nofp\libgcc.a
END GROUP
                0x00000000                __base_PROGRAM_FLASH = 0x0
                0x00000000                __base_Flash = 0x0
                0x00020000                __top_PROGRAM_FLASH = 0x20000
                0x00020000                __top_Flash = 0x20000
                0x1ffff000                __base_SRAM = 0x1ffff000
                0x1ffff000                __base_RAM = 0x1ffff000
                0x20003000                __top_SRAM = 0x20003000
                0x20003000                __top_RAM = 0x20003000

.text           0x00000000     0x9880
 FILL mask 0xff
                0x00000000                __vectors_start__ = ABSOLUTE (.)
 *(SORT_BY_ALIGNMENT(.isr_vector))
 .isr_vector    0x00000000       0xc0 ./startup/startup_mkl25z4.o
                0x00000000                g_pfnVectors
                0x00000000                __Vectors
                0x000000c0                . = ALIGN (0x4)
                0x000000c0                __section_table_start = .
                0x000000c0                __data_section_table = .
                0x000000c0        0x4 LONG 0x9880 LOADADDR (.data)
                0x000000c4        0x4 LONG 0x1ffff080 ADDR (.data)
                0x000000c8        0x4 LONG 0xc SIZEOF (.data)
                0x000000cc                __data_section_table_end = .
                0x000000cc                __bss_section_table = .
                0x000000cc        0x4 LONG 0x1ffff08c ADDR (.bss)
                0x000000d0        0x4 LONG 0x2ba8 SIZEOF (.bss)
                0x000000d4                __bss_section_table_end = .
                0x000000d4                __section_table_end = .
 *(SORT_BY_ALIGNMENT(.after_vectors*))
 .after_vectors.reset
                0x000000d4       0x4c ./startup/startup_mkl25z4.o
                0x000000d4                ResetISR
 .after_vectors.init_data
                0x00000120       0x12 ./startup/startup_mkl25z4.o
                0x00000120                data_init
 .after_vectors.init_bss
                0x00000132       0x10 ./startup/startup_mkl25z4.o
                0x00000132                bss_init
 .after_vectors
                0x00000142      0x10c ./startup/startup_mkl25z4.o
                0x00000142                NMI_Handler
                0x0000014c                I2C0_DriverIRQHandler
                0x0000014c                SPI1_DriverIRQHandler
                0x0000014c                LPTMR0_DriverIRQHandler
                0x0000014c                Reserved39_DriverIRQHandler
                0x0000014c                PIT_DriverIRQHandler
                0x0000014c                PORTD_DriverIRQHandler
                0x0000014c                CMP0_DriverIRQHandler
                0x0000014c                ADC0_DriverIRQHandler
                0x0000014c                TPM2_DriverIRQHandler
                0x0000014c                SPI0_DriverIRQHandler
                0x0000014c                I2C1_DriverIRQHandler
                0x0000014c                TSI0_DriverIRQHandler
                0x0000014c                RTC_Seconds_DriverIRQHandler
                0x0000014c                TPM0_DriverIRQHandler
                0x0000014c                RTC_DriverIRQHandler
                0x0000014c                LLWU_DriverIRQHandler
                0x0000014c                MCG_DriverIRQHandler
                0x0000014c                TPM1_DriverIRQHandler
                0x0000014c                PORTA_DriverIRQHandler
                0x0000014c                Reserved45_DriverIRQHandler
                0x0000014c                FTFA_DriverIRQHandler
                0x0000014c                IntDefaultHandler
                0x0000014c                USB0_DriverIRQHandler
                0x0000014c                DAC0_DriverIRQHandler
                0x0000014c                Reserved20_DriverIRQHandler
                0x0000014c                LVD_LVW_DriverIRQHandler
                0x0000014e                DMA0_IRQHandler
                0x00000156                DMA1_IRQHandler
                0x0000015e                DMA2_IRQHandler
                0x00000166                DMA3_IRQHandler
                0x0000016e                Reserved20_IRQHandler
                0x00000176                FTFA_IRQHandler
                0x0000017e                LVD_LVW_IRQHandler
                0x00000186                LLWU_IRQHandler
                0x0000018e                I2C0_IRQHandler
                0x00000196                I2C1_IRQHandler
                0x0000019e                SPI0_IRQHandler
                0x000001a6                SPI1_IRQHandler
                0x000001ae                UART0_IRQHandler
                0x000001b6                UART1_IRQHandler
                0x000001be                UART2_IRQHandler
                0x000001c6                ADC0_IRQHandler
                0x000001ce                CMP0_IRQHandler
                0x000001d6                TPM0_IRQHandler
                0x000001de                TPM1_IRQHandler
                0x000001e6                TPM2_IRQHandler
                0x000001ee                RTC_IRQHandler
                0x000001f6                RTC_Seconds_IRQHandler
                0x000001fe                PIT_IRQHandler
                0x00000206                Reserved39_IRQHandler
                0x0000020e                USB0_IRQHandler
                0x00000216                DAC0_IRQHandler
                0x0000021e                TSI0_IRQHandler
                0x00000226                MCG_IRQHandler
                0x0000022e                LPTMR0_IRQHandler
                0x00000236                Reserved45_IRQHandler
                0x0000023e                PORTA_IRQHandler
                0x00000246                PORTD_IRQHandler
                0x00000400                . = 0x400
 *fill*         0x0000024e      0x1b2 ff
                0x00000400                PROVIDE (__FLASH_CONFIG_START__ = .)
 *(SORT_BY_ALIGNMENT(.FlashConfig))
 .FlashConfig   0x00000400       0x10 ./startup/startup_mkl25z4.o
                0x00000400                Flash_Config
                0x00000410                PROVIDE (__FLASH_CONFIG_END__ = .)
                0x00000001                ASSERT (! ((__FLASH_CONFIG_START__ == __FLASH_CONFIG_END__)), Linker Flash Config Support Enabled, but no .FlashConfig section provided within application)
 *(SORT_BY_ALIGNMENT(.text*))
 .text.vPortStartFirstTask
                0x00000410       0x38 ./freertos/port.o
 *fill*         0x00000448        0x8 ff
 .text.PendSV_Handler
                0x00000450       0x48 ./freertos/port.o
                0x00000450                PendSV_Handler
 .text.DbgConsole_Init
                0x00000498       0xf0 ./utilities/fsl_debug_console.o
                0x00000498                DbgConsole_Init
 .text.DbgConsole_Printf
                0x00000588       0x44 ./utilities/fsl_debug_console.o
                0x00000588                DbgConsole_Printf
 .text.DbgConsole_Putchar
                0x000005cc       0x34 ./utilities/fsl_debug_console.o
                0x000005cc                DbgConsole_Putchar
 .text.DbgConsole_ConvertFloatRadixNumToString
                0x00000600      0x2a4 ./utilities/fsl_debug_console.o
 .text.ADC16_GetChannelConversionValue
                0x000008a4       0x30 ./source/Main_free_RTOS.o
 .text.DMA_StartTransfer
                0x000008d4       0x54 ./source/Main_free_RTOS.o
 .text.DMAMUX_EnableChannel
                0x00000928       0x40 ./source/Main_free_RTOS.o
 .text.DMAMUX_SetSource
                0x00000968       0x50 ./source/Main_free_RTOS.o
 .text.main     0x000009b8      0x13c ./source/Main_free_RTOS.o
                0x000009b8                main
 .text.DMA_Callback
                0x00000af4       0x1c ./source/Main_free_RTOS.o
                0x00000af4                DMA_Callback
 .text.ADC_Task
                0x00000b10      0x3fc ./source/Main_free_RTOS.o
 .text.DAC_Task
                0x00000f0c       0xd4 ./source/Main_free_RTOS.o
 .text.DSP_Analysis
                0x00000fe0      0x220 ./source/Main_free_RTOS.o
 .text.create_buffer
                0x00001200       0x84 ./source/buffer_functions.o
                0x00001200                create_buffer
 .text.character_count
                0x00001284       0x40 ./source/buffer_functions.o
                0x00001284                character_count
 .text.buffer_write
                0x000012c4       0x68 ./source/buffer_functions.o
                0x000012c4                buffer_write
 .text.HardFault_Handler
                0x0000132c       0x30 ./source/semihost_hardfault.o
                0x0000132c                HardFault_Handler
 .text.prvSetupTimerInterrupt
                0x0000135c       0x40 ./freertos/fsl_tickless_lptmr.o
                0x0000135c                prvSetupTimerInterrupt
 .text.pvPortMalloc
                0x0000139c      0x14c ./freertos/heap_4.o
                0x0000139c                pvPortMalloc
 .text.vPortFree
                0x000014e8       0x90 ./freertos/heap_4.o
                0x000014e8                vPortFree
 .text.prvHeapInit
                0x00001578       0xc0 ./freertos/heap_4.o
 .text.prvInsertBlockIntoFreeList
                0x00001638       0xb0 ./freertos/heap_4.o
 .text.pxPortInitialiseStack
                0x000016e8       0x54 ./freertos/port.o
                0x000016e8                pxPortInitialiseStack
 .text.prvTaskExitError
                0x0000173c       0x18 ./freertos/port.o
 .text.xPortStartScheduler
                0x00001754       0x44 ./freertos/port.o
                0x00001754                xPortStartScheduler
 .text.vPortYield
                0x00001798       0x20 ./freertos/port.o
                0x00001798                vPortYield
 .text.vPortEnterCritical
                0x000017b8       0x24 ./freertos/port.o
                0x000017b8                vPortEnterCritical
 .text.vPortExitCritical
                0x000017dc       0x30 ./freertos/port.o
                0x000017dc                vPortExitCritical
 .text.SysTick_Handler
                0x0000180c       0x34 ./freertos/port.o
                0x0000180c                SysTick_Handler
 .text.vQueueAddToRegistry
                0x00001840       0x50 ./freertos/queue.o
                0x00001840                vQueueAddToRegistry
 .text.prvInitialiseNewTask
                0x00001890      0x12c ./freertos/tasks.o
 .text.prvAddNewTaskToReadyList
                0x000019bc       0xd0 ./freertos/tasks.o
 .text.vTaskDelayUntil
                0x00001a8c       0xb8 ./freertos/tasks.o
                0x00001a8c                vTaskDelayUntil
 .text.vTaskSuspend
                0x00001b44       0xb8 ./freertos/tasks.o
                0x00001b44                vTaskSuspend
 .text.vTaskStartScheduler
                0x00001bfc       0x78 ./freertos/tasks.o
                0x00001bfc                vTaskStartScheduler
 .text.vTaskSuspendAll
                0x00001c74       0x18 ./freertos/tasks.o
                0x00001c74                vTaskSuspendAll
 .text.xTaskResumeAll
                0x00001c8c      0x118 ./freertos/tasks.o
                0x00001c8c                xTaskResumeAll
 .text.xTaskGetTickCount
                0x00001da4       0x1c ./freertos/tasks.o
                0x00001da4                xTaskGetTickCount
 .text.xTaskIncrementTick
                0x00001dc0      0x14c ./freertos/tasks.o
                0x00001dc0                xTaskIncrementTick
 .text.vTaskSwitchContext
                0x00001f0c       0xa4 ./freertos/tasks.o
                0x00001f0c                vTaskSwitchContext
 .text.vTaskPlaceOnEventList
                0x00001fb0       0x3c ./freertos/tasks.o
                0x00001fb0                vTaskPlaceOnEventList
 .text.vTaskPlaceOnEventListRestricted
                0x00001fec       0x4c ./freertos/tasks.o
                0x00001fec                vTaskPlaceOnEventListRestricted
 .text.xTaskRemoveFromEventList
                0x00002038       0xb8 ./freertos/tasks.o
                0x00002038                xTaskRemoveFromEventList
 .text.vTaskSetTimeOutState
                0x000020f0       0x34 ./freertos/tasks.o
                0x000020f0                vTaskSetTimeOutState
 .text.xTaskCheckForTimeOut
                0x00002124       0x9c ./freertos/tasks.o
                0x00002124                xTaskCheckForTimeOut
 .text.vTaskMissedYield
                0x000021c0       0x14 ./freertos/tasks.o
                0x000021c0                vTaskMissedYield
 .text.prvIdleTask
                0x000021d4       0x20 ./freertos/tasks.o
 .text.prvInitialiseTaskLists
                0x000021f4       0x88 ./freertos/tasks.o
 .text.prvCheckTasksWaitingTermination
                0x0000227c       0x74 ./freertos/tasks.o
 .text.prvResetNextTaskUnblockTime
                0x000022f0       0x48 ./freertos/tasks.o
 .text.xTaskGetSchedulerState
                0x00002338       0x38 ./freertos/tasks.o
                0x00002338                xTaskGetSchedulerState
 .text.vTaskPriorityInherit
                0x00002370       0xbc ./freertos/tasks.o
                0x00002370                vTaskPriorityInherit
 .text.xTaskPriorityDisinherit
                0x0000242c       0xb8 ./freertos/tasks.o
                0x0000242c                xTaskPriorityDisinherit
 .text.pvTaskIncrementMutexHeldCount
                0x000024e4       0x24 ./freertos/tasks.o
                0x000024e4                pvTaskIncrementMutexHeldCount
 .text.prvAddCurrentTaskToDelayedList
                0x00002508       0xa8 ./freertos/tasks.o
 .text.xTimerCreateTimerTask
                0x000025b0       0x54 ./freertos/timers.o
                0x000025b0                xTimerCreateTimerTask
 .text.xTimerGenericCommand
                0x00002604       0x94 ./freertos/timers.o
                0x00002604                xTimerGenericCommand
 .text.prvProcessExpiredTimer
                0x00002698       0x70 ./freertos/timers.o
 .text.prvProcessTimerOrBlockTask
                0x00002708       0x8c ./freertos/timers.o
 .text.prvGetNextExpireTime
                0x00002794       0x40 ./freertos/timers.o
 .text.prvSampleTimeNow
                0x000027d4       0x40 ./freertos/timers.o
 .text.prvInsertTimerInActiveList
                0x00002814       0x84 ./freertos/timers.o
 .text.prvProcessReceivedCommands
                0x00002898      0x124 ./freertos/timers.o
 .text.prvSwitchTimerLists
                0x000029bc       0xb4 ./freertos/timers.o
 .text.prvCheckForValidListAndQueue
                0x00002a70       0x74 ./freertos/timers.o
 .text.CLOCK_EnableClock
                0x00002ae4       0x34 ./drivers/fsl_adc16.o
 .text.ADC16_GetInstance
                0x00002b18       0x48 ./drivers/fsl_adc16.o
 .text.ADC16_Init
                0x00002b60      0x114 ./drivers/fsl_adc16.o
                0x00002b60                ADC16_Init
 .text.ADC16_GetDefaultConfig
                0x00002c74       0x58 ./drivers/fsl_adc16.o
                0x00002c74                ADC16_GetDefaultConfig
 .text.ADC16_SetChannelConfig
                0x00002ccc       0x6c ./drivers/fsl_adc16.o
                0x00002ccc                ADC16_SetChannelConfig
 .text.ADC16_GetChannelStatusFlags
                0x00002d38       0x40 ./drivers/fsl_adc16.o
                0x00002d38                ADC16_GetChannelStatusFlags
 .text.CLOCK_SetEr32kClock
                0x00002d78       0x34 ./drivers/fsl_clock.o
 .text.CLOCK_SetPllFllSelClock
                0x00002dac       0x38 ./drivers/fsl_clock.o
 .text.CLOCK_GetMcgExtClkFreq
                0x00002de4       0x28 ./drivers/fsl_clock.o
 .text.CLOCK_GetFllExtRefClkFreq
                0x00002e0c       0xa4 ./drivers/fsl_clock.o
 .text.CLOCK_GetFllRefClkFreq
                0x00002eb0       0x2c ./drivers/fsl_clock.o
 .text.CLOCK_GetOscRangeFromFreq
                0x00002edc       0x4c ./drivers/fsl_clock.o
 .text.CLOCK_GetPllFllSelClkFreq
                0x00002f28       0x4c ./drivers/fsl_clock.o
                0x00002f28                CLOCK_GetPllFllSelClkFreq
 .text.CLOCK_SetSimConfig
                0x00002f74       0x38 ./drivers/fsl_clock.o
                0x00002f74                CLOCK_SetSimConfig
 .text.CLOCK_GetFllFreq
                0x00002fac       0x84 ./drivers/fsl_clock.o
                0x00002fac                CLOCK_GetFllFreq
 .text.CLOCK_GetPll0Freq
                0x00003030       0x70 ./drivers/fsl_clock.o
                0x00003030                CLOCK_GetPll0Freq
 .text.CLOCK_SetInternalRefClkConfig
                0x000030a0      0x124 ./drivers/fsl_clock.o
                0x000030a0                CLOCK_SetInternalRefClkConfig
 .text.CLOCK_EnablePll0
                0x000031c4       0x90 ./drivers/fsl_clock.o
                0x000031c4                CLOCK_EnablePll0
 .text.CLOCK_InitOsc0
                0x00003254       0x94 ./drivers/fsl_clock.o
                0x00003254                CLOCK_InitOsc0
 .text.CLOCK_SetPbeMode
                0x000032e8       0xb0 ./drivers/fsl_clock.o
                0x000032e8                CLOCK_SetPbeMode
 .text.CLOCK_BootToPeeMode
                0x00003398       0x70 ./drivers/fsl_clock.o
                0x00003398                CLOCK_BootToPeeMode
 .text.__assertion_failed
                0x00003408       0x1c ./drivers/fsl_common.o
                0x00003408                __assertion_failed
 .text.CLOCK_EnableClock
                0x00003424       0x34 ./drivers/fsl_dac.o
 .text.DAC_GetInstance
                0x00003458       0x48 ./drivers/fsl_dac.o
 .text.DAC_Init
                0x000034a0       0x80 ./drivers/fsl_dac.o
                0x000034a0                DAC_Init
 .text.DAC_GetDefaultConfig
                0x00003520       0x30 ./drivers/fsl_dac.o
                0x00003520                DAC_GetDefaultConfig
 .text.DAC_SetBufferValue
                0x00003550       0x64 ./drivers/fsl_dac.o
                0x00003550                DAC_SetBufferValue
 .text.DAC_SetBufferReadPointer
                0x000035b4       0x60 ./drivers/fsl_dac.o
                0x000035b4                DAC_SetBufferReadPointer
 .text.NVIC_EnableIRQ
                0x00003614       0x2c ./drivers/fsl_dma.o
 .text.CLOCK_EnableClock
                0x00003640       0x34 ./drivers/fsl_dma.o
 .text.DMA_EnableInterrupts
                0x00003674       0x4c ./drivers/fsl_dma.o
 .text.DMA_ClearChannelStatusFlags
                0x000036c0       0x54 ./drivers/fsl_dma.o
 .text.DMA_GetInstance
                0x00003714       0x48 ./drivers/fsl_dma.o
 .text.DMA_Init
                0x0000375c       0x24 ./drivers/fsl_dma.o
                0x0000375c                DMA_Init
 .text.DMA_ResetChannel
                0x00003780       0x90 ./drivers/fsl_dma.o
                0x00003780                DMA_ResetChannel
 .text.DMA_SetTransferConfig
                0x00003810       0xdc ./drivers/fsl_dma.o
                0x00003810                DMA_SetTransferConfig
 .text.DMA_CreateHandle
                0x000038ec       0x90 ./drivers/fsl_dma.o
                0x000038ec                DMA_CreateHandle
 .text.DMA_PrepareTransfer
                0x0000397c      0x130 ./drivers/fsl_dma.o
                0x0000397c                DMA_PrepareTransfer
 .text.DMA_SetCallback
                0x00003aac       0x34 ./drivers/fsl_dma.o
                0x00003aac                DMA_SetCallback
 .text.DMA_SubmitTransfer
                0x00003ae0       0x9c ./drivers/fsl_dma.o
                0x00003ae0                DMA_SubmitTransfer
 .text.DMA_HandleIRQ
                0x00003b7c       0x4c ./drivers/fsl_dma.o
                0x00003b7c                DMA_HandleIRQ
 .text.DMA0_DriverIRQHandler
                0x00003bc8       0x18 ./drivers/fsl_dma.o
                0x00003bc8                DMA0_DriverIRQHandler
 .text.DMA1_DriverIRQHandler
                0x00003be0       0x18 ./drivers/fsl_dma.o
                0x00003be0                DMA1_DriverIRQHandler
 .text.DMA2_DriverIRQHandler
                0x00003bf8       0x18 ./drivers/fsl_dma.o
                0x00003bf8                DMA2_DriverIRQHandler
 .text.DMA3_DriverIRQHandler
                0x00003c10       0x18 ./drivers/fsl_dma.o
                0x00003c10                DMA3_DriverIRQHandler
 .text.CLOCK_EnableClock
                0x00003c28       0x34 ./drivers/fsl_dmamux.o
 .text.DMAMUX_GetInstance
                0x00003c5c       0x48 ./drivers/fsl_dmamux.o
 .text.DMAMUX_Init
                0x00003ca4       0x24 ./drivers/fsl_dmamux.o
                0x00003ca4                DMAMUX_Init
 .text.CLOCK_EnableClock
                0x00003cc8       0x34 ./drivers/fsl_lpsci.o
 .text.LPSCI_GetInstance
                0x00003cfc       0x48 ./drivers/fsl_lpsci.o
                0x00003cfc                LPSCI_GetInstance
 .text.LPSCI_Init
                0x00003d44      0x258 ./drivers/fsl_lpsci.o
                0x00003d44                LPSCI_Init
 .text.LPSCI_GetDefaultConfig
                0x00003f9c       0x44 ./drivers/fsl_lpsci.o
                0x00003f9c                LPSCI_GetDefaultConfig
 .text.LPSCI_ClearStatusFlags
                0x00003fe0       0x94 ./drivers/fsl_lpsci.o
                0x00003fe0                LPSCI_ClearStatusFlags
 .text.LPSCI_WriteBlocking
                0x00004074       0x4c ./drivers/fsl_lpsci.o
                0x00004074                LPSCI_WriteBlocking
 .text.LPSCI_ReadBlocking
                0x000040c0       0xc0 ./drivers/fsl_lpsci.o
                0x000040c0                LPSCI_ReadBlocking
 .text.UART0_DriverIRQHandler
                0x00004180       0x24 ./drivers/fsl_lpsci.o
                0x00004180                UART0_DriverIRQHandler
 .text.CLOCK_EnableClock
                0x000041a4       0x34 ./drivers/fsl_uart.o
 .text.UART_GetInstance
                0x000041d8       0x54 ./drivers/fsl_uart.o
                0x000041d8                UART_GetInstance
 .text.UART_Init
                0x0000422c      0x1e0 ./drivers/fsl_uart.o
                0x0000422c                UART_Init
 .text.UART_GetDefaultConfig
                0x0000440c       0x44 ./drivers/fsl_uart.o
                0x0000440c                UART_GetDefaultConfig
 .text.UART_ReadBlocking
                0x00004450       0x98 ./drivers/fsl_uart.o
                0x00004450                UART_ReadBlocking
 .text.UART1_DriverIRQHandler
                0x000044e8       0x24 ./drivers/fsl_uart.o
                0x000044e8                UART1_DriverIRQHandler
 .text.UART2_DriverIRQHandler
                0x0000450c       0x24 ./drivers/fsl_uart.o
                0x0000450c                UART2_DriverIRQHandler
 .text.CLOCK_SetLpsci0Clock
                0x00004530       0x38 ./board/board.o
 .text.BOARD_InitDebugConsole
                0x00004568       0x30 ./board/board.o
                0x00004568                BOARD_InitDebugConsole
 .text.CLOCK_SetSimSafeDivs
                0x00004598       0x20 ./board/clock_config.o
 .text.CLOCK_SetXtal0Freq
                0x000045b8       0x1c ./board/clock_config.o
 .text.CLOCK_CONFIG_SetFllExtRefDiv
                0x000045d4       0x3c ./board/clock_config.o
 .text.BOARD_BootClockRUN
                0x00004610       0x64 ./board/clock_config.o
                0x00004610                BOARD_BootClockRUN
 .text.CLOCK_EnableClock
                0x00004674       0x34 ./board/pin_mux.o
 .text.PORT_SetPinMux
                0x000046a8       0x40 ./board/pin_mux.o
 .text.BOARD_InitPins
                0x000046e8       0x90 ./board/pin_mux.o
                0x000046e8                BOARD_InitPins
 .text.LED_Initialise
                0x00004778       0x60 ./CMSIS/Led.o
                0x00004778                LED_Initialise
 .text.SystemInit
                0x000047d8       0x18 ./CMSIS/system_MKL25Z4.o
                0x000047d8                SystemInit
 .text.powf     0x000047f0      0x2ec c:/nxp/mcuxpressoide_11.0.1_2563/ide/plugins/com.nxp.mcuxpresso.tools.win32_11.0.1.201907311258/tools/bin/../lib/gcc/arm-none-eabi/8.2.1/../../../../arm-none-eabi/lib/thumb/v6-m/nofp\libcr_c.a(powf.o)
                0x000047f0                powf
 .text.sqrtf    0x00004adc       0xb8 c:/nxp/mcuxpressoide_11.0.1_2563/ide/plugins/com.nxp.mcuxpresso.tools.win32_11.0.1.201907311258/tools/bin/../lib/gcc/arm-none-eabi/8.2.1/../../../../arm-none-eabi/lib/thumb/v6-m/nofp\libcr_c.a(sqrtf.o)
                0x00004adc                sqrtf
 .text.malloc   0x00004b94       0xcc c:/nxp/mcuxpressoide_11.0.1_2563/ide/plugins/com.nxp.mcuxpresso.tools.win32_11.0.1.201907311258/tools/bin/../lib/gcc/arm-none-eabi/8.2.1/../../../../arm-none-eabi/lib/thumb/v6-m/nofp\libcr_c.a(alloc.o)
                0x00004b94                malloc
 .text._initio  0x00004c60       0x7c c:/nxp/mcuxpressoide_11.0.1_2563/ide/plugins/com.nxp.mcuxpresso.tools.win32_11.0.1.201907311258/tools/bin/../lib/gcc/arm-none-eabi/8.2.1/../../../../arm-none-eabi/lib/thumb/v6-m/nofp\libcr_c.a(initio.o)
                0x00004c60                _initio
 .text.modf     0x00004cdc       0x94 c:/nxp/mcuxpressoide_11.0.1_2563/ide/plugins/com.nxp.mcuxpresso.tools.win32_11.0.1.201907311258/tools/bin/../lib/gcc/arm-none-eabi/8.2.1/../../../../arm-none-eabi/lib/thumb/v6-m/nofp\libcr_c.a(modf.o)
                0x00004cdc                modf
 .text.pow      0x00004d70      0x548 c:/nxp/mcuxpressoide_11.0.1_2563/ide/plugins/com.nxp.mcuxpresso.tools.win32_11.0.1.201907311258/tools/bin/../lib/gcc/arm-none-eabi/8.2.1/../../../../arm-none-eabi/lib/thumb/v6-m/nofp\libcr_c.a(pow.o)
                0x00004d70                pow
 .text.setvbuf  0x000052b8       0x4c c:/nxp/mcuxpressoide_11.0.1_2563/ide/plugins/com.nxp.mcuxpresso.tools.win32_11.0.1.201907311258/tools/bin/../lib/gcc/arm-none-eabi/8.2.1/../../../../arm-none-eabi/lib/thumb/v6-m/nofp\libcr_c.a(setvbuf.o)
                0x000052b8                setvbuf
 .text.strlen   0x00005304       0x58 c:/nxp/mcuxpressoide_11.0.1_2563/ide/plugins/com.nxp.mcuxpresso.tools.win32_11.0.1.201907311258/tools/bin/../lib/gcc/arm-none-eabi/8.2.1/../../../../arm-none-eabi/lib/thumb/v6-m/nofp\libcr_c.a(strlen.o)
                0x00005304                strlen
 .text.frexpf   0x0000535c       0x58 c:/nxp/mcuxpressoide_11.0.1_2563/ide/plugins/com.nxp.mcuxpresso.tools.win32_11.0.1.201907311258/tools/bin/../lib/gcc/arm-none-eabi/8.2.1/../../../../arm-none-eabi/lib/thumb/v6-m/nofp\libcr_c.a(frexpf.o)
                0x0000535c                frexpf
 .text.ldexpf   0x000053b4       0x40 c:/nxp/mcuxpressoide_11.0.1_2563/ide/plugins/com.nxp.mcuxpresso.tools.win32_11.0.1.201907311258/tools/bin/../lib/gcc/arm-none-eabi/8.2.1/../../../../arm-none-eabi/lib/thumb/v6-m/nofp\libcr_c.a(ldexpf.o)
                0x000053b4                ldexpf
 .text._sbrk    0x000053f4       0x40 c:/nxp/mcuxpressoide_11.0.1_2563/ide/plugins/com.nxp.mcuxpresso.tools.win32_11.0.1.201907311258/tools/bin/../lib/gcc/arm-none-eabi/8.2.1/../../../../arm-none-eabi/lib/thumb/v6-m/nofp\libcr_c.a(_cr_sbrk.o)
                0x000053f4                _sbrk
 .text._fdopen  0x00005434       0x74 c:/nxp/mcuxpressoide_11.0.1_2563/ide/plugins/com.nxp.mcuxpresso.tools.win32_11.0.1.201907311258/tools/bin/../lib/gcc/arm-none-eabi/8.2.1/../../../../arm-none-eabi/lib/thumb/v6-m/nofp\libcr_c.a(_fdopen.o)
                0x00005434                _fdopen
 .text._sincos  0x000054a8      0x1dc c:/nxp/mcuxpressoide_11.0.1_2563/ide/plugins/com.nxp.mcuxpresso.tools.win32_11.0.1.201907311258/tools/bin/../lib/gcc/arm-none-eabi/8.2.1/../../../../arm-none-eabi/lib/thumb/v6-m/nofp\libcr_c.a(_sincos.o)
                0x000054a8                _sincos
 .text.fclose   0x00005684       0x5c c:/nxp/mcuxpressoide_11.0.1_2563/ide/plugins/com.nxp.mcuxpresso.tools.win32_11.0.1.201907311258/tools/bin/../lib/gcc/arm-none-eabi/8.2.1/../../../../arm-none-eabi/lib/thumb/v6-m/nofp\libcr_c.a(fclose.o)
                0x00005684                fclose
 .text.fflush   0x000056e0       0x44 c:/nxp/mcuxpressoide_11.0.1_2563/ide/plugins/com.nxp.mcuxpresso.tools.win32_11.0.1.201907311258/tools/bin/../lib/gcc/arm-none-eabi/8.2.1/../../../../arm-none-eabi/lib/thumb/v6-m/nofp\libcr_c.a(fflush.o)
                0x000056e0                fflush
 .text.frexp    0x00005724       0x80 c:/nxp/mcuxpressoide_11.0.1_2563/ide/plugins/com.nxp.mcuxpresso.tools.win32_11.0.1.201907311258/tools/bin/../lib/gcc/arm-none-eabi/8.2.1/../../../../arm-none-eabi/lib/thumb/v6-m/nofp\libcr_c.a(frexp.o)
                0x00005724                frexp
 .text.fseek    0x000057a4       0xf0 c:/nxp/mcuxpressoide_11.0.1_2563/ide/plugins/com.nxp.mcuxpresso.tools.win32_11.0.1.201907311258/tools/bin/../lib/gcc/arm-none-eabi/8.2.1/../../../../arm-none-eabi/lib/thumb/v6-m/nofp\libcr_c.a(fseek.o)
                0x000057a4                fseek
 .text.ftell    0x00005894       0x48 c:/nxp/mcuxpressoide_11.0.1_2563/ide/plugins/com.nxp.mcuxpresso.tools.win32_11.0.1.201907311258/tools/bin/../lib/gcc/arm-none-eabi/8.2.1/../../../../arm-none-eabi/lib/thumb/v6-m/nofp\libcr_c.a(ftell.o)
                0x00005894                ftell
 .text.ldexp    0x000058dc       0x58 c:/nxp/mcuxpressoide_11.0.1_2563/ide/plugins/com.nxp.mcuxpresso.tools.win32_11.0.1.201907311258/tools/bin/../lib/gcc/arm-none-eabi/8.2.1/../../../../arm-none-eabi/lib/thumb/v6-m/nofp\libcr_c.a(ldexp.o)
                0x000058dc                ldexp
 .text.__check_heap_overflow
                0x00005934       0x14 c:/nxp/mcuxpressoide_11.0.1_2563/ide/plugins/com.nxp.mcuxpresso.tools.win32_11.0.1.201907311258/tools/bin/../lib/gcc/arm-none-eabi/8.2.1/../../../../arm-none-eabi/lib/thumb/v6-m/nofp\libcr_c.a(_cr_check_heap.o)
                0x00005934                __check_heap_overflow
 .text._do_fflush
                0x00005948       0x44 c:/nxp/mcuxpressoide_11.0.1_2563/ide/plugins/com.nxp.mcuxpresso.tools.win32_11.0.1.201907311258/tools/bin/../lib/gcc/arm-none-eabi/8.2.1/../../../../arm-none-eabi/lib/thumb/v6-m/nofp\libcr_c.a(_do_fflush.o)
                0x00005948                _do_fflush
 .text._fflush  0x0000598c       0x5c c:/nxp/mcuxpressoide_11.0.1_2563/ide/plugins/com.nxp.mcuxpresso.tools.win32_11.0.1.201907311258/tools/bin/../lib/gcc/arm-none-eabi/8.2.1/../../../../arm-none-eabi/lib/thumb/v6-m/nofp\libcr_c.a(_fflush.o)
                0x0000598c                _fflush
 .text._Cwritebuf
                0x000059e8       0x68 c:/nxp/mcuxpressoide_11.0.1_2563/ide/plugins/com.nxp.mcuxpresso.tools.win32_11.0.1.201907311258/tools/bin/../lib/gcc/arm-none-eabi/8.2.1/../../../../arm-none-eabi/lib/thumb/v6-m/nofp\libcr_c.a(_writebuf.o)
                0x000059e8                _Cwritebuf
 .text._deferredlazyseek
                0x00005a50       0x40 c:/nxp/mcuxpressoide_11.0.1_2563/ide/plugins/com.nxp.mcuxpresso.tools.win32_11.0.1.201907311258/tools/bin/../lib/gcc/arm-none-eabi/8.2.1/../../../../arm-none-eabi/lib/thumb/v6-m/nofp\libcr_c.a(_deferredlazyseek.o)
                0x00005a50                _deferredlazyseek
 .text.__aeabi_dmul
                0x00005a90      0x188 c:/nxp/mcuxpressoide_11.0.1_2563/ide/plugins/com.nxp.mcuxpresso.tools.win32_11.0.1.201907311258/tools/bin/../lib/gcc/arm-none-eabi/8.2.1/thumb/v6-m/nofp\libcr_eabihelpers.a(double.o)
                0x00005a90                __aeabi_dmul
 .text.__aeabi_ddiv
                0x00005c18      0x148 c:/nxp/mcuxpressoide_11.0.1_2563/ide/plugins/com.nxp.mcuxpresso.tools.win32_11.0.1.201907311258/tools/bin/../lib/gcc/arm-none-eabi/8.2.1/thumb/v6-m/nofp\libcr_eabihelpers.a(double.o)
                0x00005c18                __aeabi_ddiv
 .text.__aeabi_dsub
                0x00005d60      0x1c4 c:/nxp/mcuxpressoide_11.0.1_2563/ide/plugins/com.nxp.mcuxpresso.tools.win32_11.0.1.201907311258/tools/bin/../lib/gcc/arm-none-eabi/8.2.1/thumb/v6-m/nofp\libcr_eabihelpers.a(double.o)
                0x00005d60                __aeabi_dsub
 .text.__aeabi_dadd
                0x00005f24      0x12c c:/nxp/mcuxpressoide_11.0.1_2563/ide/plugins/com.nxp.mcuxpresso.tools.win32_11.0.1.201907311258/tools/bin/../lib/gcc/arm-none-eabi/8.2.1/thumb/v6-m/nofp\libcr_eabihelpers.a(double.o)
                0x00005f24                __aeabi_dadd
 .text.__aeabi_d2f
                0x00006050       0x60 c:/nxp/mcuxpressoide_11.0.1_2563/ide/plugins/com.nxp.mcuxpresso.tools.win32_11.0.1.201907311258/tools/bin/../lib/gcc/arm-none-eabi/8.2.1/thumb/v6-m/nofp\libcr_eabihelpers.a(double.o)
                0x00006050                __aeabi_d2f
 .text.__aeabi_d2iz
                0x000060b0       0x4c c:/nxp/mcuxpressoide_11.0.1_2563/ide/plugins/com.nxp.mcuxpresso.tools.win32_11.0.1.201907311258/tools/bin/../lib/gcc/arm-none-eabi/8.2.1/thumb/v6-m/nofp\libcr_eabihelpers.a(double.o)
                0x000060b0                __aeabi_d2iz
 .text.__aeabi_d2uiz
                0x000060fc       0x34 c:/nxp/mcuxpressoide_11.0.1_2563/ide/plugins/com.nxp.mcuxpresso.tools.win32_11.0.1.201907311258/tools/bin/../lib/gcc/arm-none-eabi/8.2.1/thumb/v6-m/nofp\libcr_eabihelpers.a(double.o)
                0x000060fc                __aeabi_d2uiz
 .text.__aeabi_d2lz
                0x00006130       0x80 c:/nxp/mcuxpressoide_11.0.1_2563/ide/plugins/com.nxp.mcuxpresso.tools.win32_11.0.1.201907311258/tools/bin/../lib/gcc/arm-none-eabi/8.2.1/thumb/v6-m/nofp\libcr_eabihelpers.a(double.o)
                0x00006130                __aeabi_d2lz
 .text.__bhs_ul2d
                0x000061b0       0xb4 c:/nxp/mcuxpressoide_11.0.1_2563/ide/plugins/com.nxp.mcuxpresso.tools.win32_11.0.1.201907311258/tools/bin/../lib/gcc/arm-none-eabi/8.2.1/thumb/v6-m/nofp\libcr_eabihelpers.a(double.o)
                0x000061b0                __bhs_ul2d
 .text.__aeabi_dcmpeq
                0x00006264       0x30 c:/nxp/mcuxpressoide_11.0.1_2563/ide/plugins/com.nxp.mcuxpresso.tools.win32_11.0.1.201907311258/tools/bin/../lib/gcc/arm-none-eabi/8.2.1/thumb/v6-m/nofp\libcr_eabihelpers.a(double.o)
                0x00006264                __aeabi_dcmpeq
 .text.__aeabi_dcmplt
                0x00006294       0x60 c:/nxp/mcuxpressoide_11.0.1_2563/ide/plugins/com.nxp.mcuxpresso.tools.win32_11.0.1.201907311258/tools/bin/../lib/gcc/arm-none-eabi/8.2.1/thumb/v6-m/nofp\libcr_eabihelpers.a(double.o)
                0x00006294                __aeabi_dcmplt
 .text.__aeabi_dcmpgt
                0x000062f4       0x58 c:/nxp/mcuxpressoide_11.0.1_2563/ide/plugins/com.nxp.mcuxpresso.tools.win32_11.0.1.201907311258/tools/bin/../lib/gcc/arm-none-eabi/8.2.1/thumb/v6-m/nofp\libcr_eabihelpers.a(double.o)
                0x000062f4                __aeabi_dcmpgt
 .text.__aeabi_dcmple
                0x0000634c       0x58 c:/nxp/mcuxpressoide_11.0.1_2563/ide/plugins/com.nxp.mcuxpresso.tools.win32_11.0.1.201907311258/tools/bin/../lib/gcc/arm-none-eabi/8.2.1/thumb/v6-m/nofp\libcr_eabihelpers.a(double.o)
                0x0000634c                __aeabi_dcmple
 .text.__aeabi_dcmpge
                0x000063a4       0x60 c:/nxp/mcuxpressoide_11.0.1_2563/ide/plugins/com.nxp.mcuxpresso.tools.win32_11.0.1.201907311258/tools/bin/../lib/gcc/arm-none-eabi/8.2.1/thumb/v6-m/nofp\libcr_eabihelpers.a(double.o)
                0x000063a4                __aeabi_dcmpge
 .text.__aeabi_fmul
                0x00006404       0xc4 c:/nxp/mcuxpressoide_11.0.1_2563/ide/plugins/com.nxp.mcuxpresso.tools.win32_11.0.1.201907311258/tools/bin/../lib/gcc/arm-none-eabi/8.2.1/thumb/v6-m/nofp\libcr_eabihelpers.a(float.o)
                0x00006404                __aeabi_fmul
 .text.__aeabi_fdiv
                0x000064c8       0xdc c:/nxp/mcuxpressoide_11.0.1_2563/ide/plugins/com.nxp.mcuxpresso.tools.win32_11.0.1.201907311258/tools/bin/../lib/gcc/arm-none-eabi/8.2.1/thumb/v6-m/nofp\libcr_eabihelpers.a(float.o)
                0x000064c8                __aeabi_fdiv
 .text.__aeabi_fsub
                0x000065a4      0x128 c:/nxp/mcuxpressoide_11.0.1_2563/ide/plugins/com.nxp.mcuxpresso.tools.win32_11.0.1.201907311258/tools/bin/../lib/gcc/arm-none-eabi/8.2.1/thumb/v6-m/nofp\libcr_eabihelpers.a(float.o)
                0x000065a4                __aeabi_fsub
 .text.__aeabi_fadd
                0x000066cc       0xac c:/nxp/mcuxpressoide_11.0.1_2563/ide/plugins/com.nxp.mcuxpresso.tools.win32_11.0.1.201907311258/tools/bin/../lib/gcc/arm-none-eabi/8.2.1/thumb/v6-m/nofp\libcr_eabihelpers.a(float.o)
                0x000066cc                __aeabi_fadd
 .text.__aeabi_f2iz
                0x00006778       0x3c c:/nxp/mcuxpressoide_11.0.1_2563/ide/plugins/com.nxp.mcuxpresso.tools.win32_11.0.1.201907311258/tools/bin/../lib/gcc/arm-none-eabi/8.2.1/thumb/v6-m/nofp\libcr_eabihelpers.a(float.o)
                0x00006778                __aeabi_f2iz
 .text.__aeabi_f2d
                0x000067b4       0x3c c:/nxp/mcuxpressoide_11.0.1_2563/ide/plugins/com.nxp.mcuxpresso.tools.win32_11.0.1.201907311258/tools/bin/../lib/gcc/arm-none-eabi/8.2.1/thumb/v6-m/nofp\libcr_eabihelpers.a(float.o)
                0x000067b4                __aeabi_f2d
 .text.UART_EnableTx
                0x000067f0       0x40 ./utilities/fsl_debug_console.o
 .text.UART_EnableRx
                0x00006830       0x40 ./utilities/fsl_debug_console.o
 .text.LPSCI_EnableTx
                0x00006870       0x40 ./utilities/fsl_debug_console.o
 .text.LPSCI_EnableRx
                0x000068b0       0x40 ./utilities/fsl_debug_console.o
 .text.DbgConsole_PrintfPaddingCharacter
                0x000068f0       0x46 ./utilities/fsl_debug_console.o
 .text.DbgConsole_ConvertRadixNumToString
                0x00006936      0x114 ./utilities/fsl_debug_console.o
 .text.DbgConsole_PrintfFormattedData
                0x00006a4a      0x374 ./utilities/fsl_debug_console.o
 .text.GPIO_WritePinOutput
                0x00006dbe       0x34 ./source/Main_free_RTOS.o
 .text.GPIO_SetPinsOutput
                0x00006df2       0x18 ./source/Main_free_RTOS.o
 .text.GPIO_ClearPinsOutput
                0x00006e0a       0x18 ./source/Main_free_RTOS.o
 .text.GPIO_TogglePinsOutput
                0x00006e22       0x18 ./source/Main_free_RTOS.o
 .text.DAC_Enable
                0x00006e3a       0x4a ./source/Main_free_RTOS.o
 .text.ADC16_EnableHardwareTrigger
                0x00006e84       0x3a ./source/Main_free_RTOS.o
 .text.buffer_full
                0x00006ebe       0x14 ./source/buffer_functions.o
                0x00006ebe                buffer_full
 .text.buffer_empty
                0x00006ed2       0x38 ./source/buffer_functions.o
                0x00006ed2                buffer_empty
 .text.advance_pointer
                0x00006f0a       0x8c ./source/buffer_functions.o
                0x00006f0a                advance_pointer
 .text.vListInitialise
                0x00006f96       0x3c ./freertos/list.o
                0x00006f96                vListInitialise
 .text.vListInitialiseItem
                0x00006fd2       0x16 ./freertos/list.o
                0x00006fd2                vListInitialiseItem
 .text.vListInsertEnd
                0x00006fe8       0x44 ./freertos/list.o
                0x00006fe8                vListInsertEnd
 .text.vListInsert
                0x0000702c       0x6c ./freertos/list.o
                0x0000702c                vListInsert
 .text.uxListRemove
                0x00007098       0x50 ./freertos/list.o
                0x00007098                uxListRemove
 .text.SVC_Handler
                0x000070e8        0xa ./freertos/port.o
                0x000070e8                SVC_Handler
 .text.ulSetInterruptMaskFromISR
                0x000070f2        0xc ./freertos/port.o
                0x000070f2                ulSetInterruptMaskFromISR
 .text.vClearInterruptMaskFromISR
                0x000070fe        0x8 ./freertos/port.o
                0x000070fe                vClearInterruptMaskFromISR
 .text.xQueueGenericReset
                0x00007106       0xa8 ./freertos/queue.o
                0x00007106                xQueueGenericReset
 .text.xQueueGenericCreate
                0x000071ae       0x64 ./freertos/queue.o
                0x000071ae                xQueueGenericCreate
 .text.prvInitialiseNewQueue
                0x00007212       0x4e ./freertos/queue.o
 .text.prvInitialiseMutex
                0x00007260       0x34 ./freertos/queue.o
 .text.xQueueCreateMutex
                0x00007294       0x38 ./freertos/queue.o
                0x00007294                xQueueCreateMutex
 .text.xQueueGenericSend
                0x000072cc      0x188 ./freertos/queue.o
                0x000072cc                xQueueGenericSend
 .text.xQueueGenericSendFromISR
                0x00007454       0xe2 ./freertos/queue.o
                0x00007454                xQueueGenericSendFromISR
 .text.xQueueGenericReceive
                0x00007536      0x1c8 ./freertos/queue.o
                0x00007536                xQueueGenericReceive
 .text.prvCopyDataToQueue
                0x000076fe       0xd6 ./freertos/queue.o
 .text.prvCopyDataFromQueue
                0x000077d4       0x4c ./freertos/queue.o
 .text.prvUnlockQueue
                0x00007820       0xbc ./freertos/queue.o
 .text.prvIsQueueEmpty
                0x000078dc       0x2c ./freertos/queue.o
 .text.prvIsQueueFull
                0x00007908       0x30 ./freertos/queue.o
 .text.vQueueWaitForMessageRestricted
                0x00007938       0x66 ./freertos/queue.o
                0x00007938                vQueueWaitForMessageRestricted
 .text.xTaskCreate
                0x0000799e       0x90 ./freertos/tasks.o
                0x0000799e                xTaskCreate
 .text.prvDeleteTCB
                0x00007a2e       0x22 ./freertos/tasks.o
 .text.prvTimerTask
                0x00007a50       0x28 ./freertos/timers.o
 .text.ADC16_DoAutoCalibration
                0x00007a78      0x118 ./drivers/fsl_adc16.o
                0x00007a78                ADC16_DoAutoCalibration
 .text.ADC16_GetStatusFlags
                0x00007b90       0x3a ./drivers/fsl_adc16.o
                0x00007b90                ADC16_GetStatusFlags
 .text.OSC_SetExtRefClkConfig
                0x00007bca       0x3e ./drivers/fsl_clock.o
 .text.OSC_SetCapLoad
                0x00007c08       0x42 ./drivers/fsl_clock.o
 .text.CLOCK_GetPll0RefFreq
                0x00007c4a       0x10 ./drivers/fsl_clock.o
 .text.CLOCK_SetExternalRefClkConfig
                0x00007c5a       0x16 ./drivers/fsl_clock.o
                0x00007c5a                CLOCK_SetExternalRefClkConfig
 .text.EnableIRQ
                0x00007c70       0x2c ./drivers/fsl_dma.o
 .text.LPSCI_GetStatusFlags
                0x00007c9c       0x26 ./drivers/fsl_lpsci.o
                0x00007c9c                LPSCI_GetStatusFlags
 .text.UART_GetStatusFlags
                0x00007cc2       0x26 ./drivers/fsl_uart.o
                0x00007cc2                UART_GetStatusFlags
 .text.UART_WriteBlocking
                0x00007ce8       0x3a ./drivers/fsl_uart.o
                0x00007ce8                UART_WriteBlocking
 .text.GPIO_WritePinOutput
                0x00007d22       0x34 ./CMSIS/Led.o
 .text.__main   0x00007d56        0xc c:/nxp/mcuxpressoide_11.0.1_2563/ide/plugins/com.nxp.mcuxpresso.tools.win32_11.0.1.201907311258/tools/bin/../lib/gcc/arm-none-eabi/8.2.1/../../../../arm-none-eabi/lib/thumb/v6-m/nofp\libcr_nohost_nf.a(_cr__main.o)
                0x00007d56                __main
 .text.memcpy   0x00007d62        0x8 c:/nxp/mcuxpressoide_11.0.1_2563/ide/plugins/com.nxp.mcuxpresso.tools.win32_11.0.1.201907311258/tools/bin/../lib/gcc/arm-none-eabi/8.2.1/../../../../arm-none-eabi/lib/thumb/v6-m/nofp\libcr_c.a(memcpy.o)
                0x00007d62                memcpy
 .text.memset   0x00007d6a        0x8 c:/nxp/mcuxpressoide_11.0.1_2563/ide/plugins/com.nxp.mcuxpresso.tools.win32_11.0.1.201907311258/tools/bin/../lib/gcc/arm-none-eabi/8.2.1/../../../../arm-none-eabi/lib/thumb/v6-m/nofp\libcr_c.a(memset.o)
                0x00007d6a                memset
 .text.free     0x00007d72       0x2c c:/nxp/mcuxpressoide_11.0.1_2563/ide/plugins/com.nxp.mcuxpresso.tools.win32_11.0.1.201907311258/tools/bin/../lib/gcc/arm-none-eabi/8.2.1/../../../../arm-none-eabi/lib/thumb/v6-m/nofp\libcr_c.a(alloc.o)
                0x00007d72                free
 .text.sin      0x00007d9e       0x36 c:/nxp/mcuxpressoide_11.0.1_2563/ide/plugins/com.nxp.mcuxpresso.tools.win32_11.0.1.201907311258/tools/bin/../lib/gcc/arm-none-eabi/8.2.1/../../../../arm-none-eabi/lib/thumb/v6-m/nofp\libcr_c.a(sin.o)
                0x00007d9e                sin
 .text.fabs     0x00007dd4       0x22 c:/nxp/mcuxpressoide_11.0.1_2563/ide/plugins/com.nxp.mcuxpresso.tools.win32_11.0.1.201907311258/tools/bin/../lib/gcc/arm-none-eabi/8.2.1/../../../../arm-none-eabi/lib/thumb/v6-m/nofp\libcr_c.a(fabs.o)
                0x00007dd4                fabs
 .text.remove   0x00007df6       0x12 c:/nxp/mcuxpressoide_11.0.1_2563/ide/plugins/com.nxp.mcuxpresso.tools.win32_11.0.1.201907311258/tools/bin/../lib/gcc/arm-none-eabi/8.2.1/../../../../arm-none-eabi/lib/thumb/v6-m/nofp\libcr_c.a(remove.o)
                0x00007df6                remove
 .text.__aeabi_division_idivmod
                0x00007e08       0x78 c:/nxp/mcuxpressoide_11.0.1_2563/ide/plugins/com.nxp.mcuxpresso.tools.win32_11.0.1.201907311258/tools/bin/../lib/gcc/arm-none-eabi/8.2.1/thumb/v6-m/nofp\libcr_eabihelpers.a(division_32.o)
                0x00007e08                __aeabi_idivmod
                0x00007e08                __aeabi_idiv
                0x00007e0e                __aeabi_uidivmod
                0x00007e0e                __aeabi_uidiv
 .text.__aeabi_division_idiv0
                0x00007e80        0x2 c:/nxp/mcuxpressoide_11.0.1_2563/ide/plugins/com.nxp.mcuxpresso.tools.win32_11.0.1.201907311258/tools/bin/../lib/gcc/arm-none-eabi/8.2.1/thumb/v6-m/nofp\libcr_eabihelpers.a(division_idiv0.o)
                0x00007e80                __aeabi_idiv0
 .text.__bhs_ui2d
                0x00007e82       0x5e c:/nxp/mcuxpressoide_11.0.1_2563/ide/plugins/com.nxp.mcuxpresso.tools.win32_11.0.1.201907311258/tools/bin/../lib/gcc/arm-none-eabi/8.2.1/thumb/v6-m/nofp\libcr_eabihelpers.a(double.o)
                0x00007e82                __bhs_ui2d
 .text.__aeabi_i2d
                0x00007ee0       0x18 c:/nxp/mcuxpressoide_11.0.1_2563/ide/plugins/com.nxp.mcuxpresso.tools.win32_11.0.1.201907311258/tools/bin/../lib/gcc/arm-none-eabi/8.2.1/thumb/v6-m/nofp\libcr_eabihelpers.a(double.o)
                0x00007ee0                __aeabi_i2d
 .text.__aeabi_ui2d
                0x00007ef8        0xc c:/nxp/mcuxpressoide_11.0.1_2563/ide/plugins/com.nxp.mcuxpresso.tools.win32_11.0.1.201907311258/tools/bin/../lib/gcc/arm-none-eabi/8.2.1/thumb/v6-m/nofp\libcr_eabihelpers.a(double.o)
                0x00007ef8                __aeabi_ui2d
 .text.__aeabi_l2d
                0x00007f04       0x22 c:/nxp/mcuxpressoide_11.0.1_2563/ide/plugins/com.nxp.mcuxpresso.tools.win32_11.0.1.201907311258/tools/bin/../lib/gcc/arm-none-eabi/8.2.1/thumb/v6-m/nofp\libcr_eabihelpers.a(double.o)
                0x00007f04                __aeabi_l2d
 .text.__bhs_ui2f
                0x00007f26       0x62 c:/nxp/mcuxpressoide_11.0.1_2563/ide/plugins/com.nxp.mcuxpresso.tools.win32_11.0.1.201907311258/tools/bin/../lib/gcc/arm-none-eabi/8.2.1/thumb/v6-m/nofp\libcr_eabihelpers.a(float.o)
                0x00007f26                __bhs_ui2f
 .text.__aeabi_i2f
                0x00007f88       0x18 c:/nxp/mcuxpressoide_11.0.1_2563/ide/plugins/com.nxp.mcuxpresso.tools.win32_11.0.1.201907311258/tools/bin/../lib/gcc/arm-none-eabi/8.2.1/thumb/v6-m/nofp\libcr_eabihelpers.a(float.o)
                0x00007f88                __aeabi_i2f
 .text.__aeabi_ui2f
                0x00007fa0        0xc c:/nxp/mcuxpressoide_11.0.1_2563/ide/plugins/com.nxp.mcuxpresso.tools.win32_11.0.1.201907311258/tools/bin/../lib/gcc/arm-none-eabi/8.2.1/thumb/v6-m/nofp\libcr_eabihelpers.a(float.o)
                0x00007fa0                __aeabi_ui2f
 .text.__aeabi_fcmpeq
                0x00007fac       0x20 c:/nxp/mcuxpressoide_11.0.1_2563/ide/plugins/com.nxp.mcuxpresso.tools.win32_11.0.1.201907311258/tools/bin/../lib/gcc/arm-none-eabi/8.2.1/thumb/v6-m/nofp\libcr_eabihelpers.a(float.o)
                0x00007fac                __aeabi_fcmpeq
 .text.__aeabi_fcmplt
                0x00007fcc       0x44 c:/nxp/mcuxpressoide_11.0.1_2563/ide/plugins/com.nxp.mcuxpresso.tools.win32_11.0.1.201907311258/tools/bin/../lib/gcc/arm-none-eabi/8.2.1/thumb/v6-m/nofp\libcr_eabihelpers.a(float.o)
                0x00007fcc                __aeabi_fcmplt
 .text.__aeabi_fcmpgt
                0x00008010       0x3e c:/nxp/mcuxpressoide_11.0.1_2563/ide/plugins/com.nxp.mcuxpresso.tools.win32_11.0.1.201907311258/tools/bin/../lib/gcc/arm-none-eabi/8.2.1/thumb/v6-m/nofp\libcr_eabihelpers.a(float.o)
                0x00008010                __aeabi_fcmpgt
 .text.__aeabi_fcmple
                0x0000804e       0x44 c:/nxp/mcuxpressoide_11.0.1_2563/ide/plugins/com.nxp.mcuxpresso.tools.win32_11.0.1.201907311258/tools/bin/../lib/gcc/arm-none-eabi/8.2.1/thumb/v6-m/nofp\libcr_eabihelpers.a(float.o)
                0x0000804e                __aeabi_fcmple
 .text.__aeabi_llong_lmul
                0x00008092       0x2e c:/nxp/mcuxpressoide_11.0.1_2563/ide/plugins/com.nxp.mcuxpresso.tools.win32_11.0.1.201907311258/tools/bin/../lib/gcc/arm-none-eabi/8.2.1/thumb/v6-m/nofp\libcr_eabihelpers.a(llong.o)
                0x00008092                __aeabi_lmul
 .text.__aeabi_memcpy
                0x000080c0       0x2c c:/nxp/mcuxpressoide_11.0.1_2563/ide/plugins/com.nxp.mcuxpresso.tools.win32_11.0.1.201907311258/tools/bin/../lib/gcc/arm-none-eabi/8.2.1/thumb/v6-m/nofp\libcr_eabihelpers.a(memcpy.o)
                0x000080c0                __aeabi_memcpy4
                0x000080c0                __aeabi_memcpy8
                0x000080c0                __aeabi_memcpy
 .text.__aeabi_memset_lowlevel
                0x000080ec       0x2a c:/nxp/mcuxpressoide_11.0.1_2563/ide/plugins/com.nxp.mcuxpresso.tools.win32_11.0.1.201907311258/tools/bin/../lib/gcc/arm-none-eabi/8.2.1/thumb/v6-m/nofp\libcr_eabihelpers.a(memcpy.o)
                0x000080ec                __aeabi_lowlevel_memset
 .text.__sys_close
                0x00008116        0x6 c:/nxp/mcuxpressoide_11.0.1_2563/ide/plugins/com.nxp.mcuxpresso.tools.win32_11.0.1.201907311258/tools/bin/../lib/gcc/arm-none-eabi/8.2.1/../../../../arm-none-eabi/lib/thumb/v6-m/nofp\libcr_nohost_nf.a(__sys_close.o)
                0x00008116                __sys_close
 .text.__sys_flen
                0x0000811c        0x6 c:/nxp/mcuxpressoide_11.0.1_2563/ide/plugins/com.nxp.mcuxpresso.tools.win32_11.0.1.201907311258/tools/bin/../lib/gcc/arm-none-eabi/8.2.1/../../../../arm-none-eabi/lib/thumb/v6-m/nofp\libcr_nohost_nf.a(__sys_flen.o)
                0x0000811c                __sys_flen
 .text.__sys_istty
                0x00008122        0x6 c:/nxp/mcuxpressoide_11.0.1_2563/ide/plugins/com.nxp.mcuxpresso.tools.win32_11.0.1.201907311258/tools/bin/../lib/gcc/arm-none-eabi/8.2.1/../../../../arm-none-eabi/lib/thumb/v6-m/nofp\libcr_nohost_nf.a(__sys_istty.o)
                0x00008122                __sys_istty
 .text.__sys_remove
                0x00008128        0x6 c:/nxp/mcuxpressoide_11.0.1_2563/ide/plugins/com.nxp.mcuxpresso.tools.win32_11.0.1.201907311258/tools/bin/../lib/gcc/arm-none-eabi/8.2.1/../../../../arm-none-eabi/lib/thumb/v6-m/nofp\libcr_nohost_nf.a(__sys_remove.o)
                0x00008128                __sys_remove
 .text.__sys_seek
                0x0000812e        0x6 c:/nxp/mcuxpressoide_11.0.1_2563/ide/plugins/com.nxp.mcuxpresso.tools.win32_11.0.1.201907311258/tools/bin/../lib/gcc/arm-none-eabi/8.2.1/../../../../arm-none-eabi/lib/thumb/v6-m/nofp\libcr_nohost_nf.a(__sys_seek.o)
                0x0000812e                __sys_seek
 .text.__sys_tmpnam
                0x00008134        0x6 c:/nxp/mcuxpressoide_11.0.1_2563/ide/plugins/com.nxp.mcuxpresso.tools.win32_11.0.1.201907311258/tools/bin/../lib/gcc/arm-none-eabi/8.2.1/../../../../arm-none-eabi/lib/thumb/v6-m/nofp\libcr_nohost_nf.a(__sys_tmpnam.o)
                0x00008134                __sys_tmpnam
 .text.__sys_write
                0x0000813a        0x4 c:/nxp/mcuxpressoide_11.0.1_2563/ide/plugins/com.nxp.mcuxpresso.tools.win32_11.0.1.201907311258/tools/bin/../lib/gcc/arm-none-eabi/8.2.1/../../../../arm-none-eabi/lib/thumb/v6-m/nofp\libcr_nohost_nf.a(__sys_write.o)
                0x0000813a                __sys_write
 *(SORT_BY_ALIGNMENT(.rodata) SORT_BY_ALIGNMENT(.rodata.*) SORT_BY_ALIGNMENT(.constdata) SORT_BY_ALIGNMENT(.constdata.*))
 *fill*         0x0000813e        0x2 ff
 .rodata.a1.3979
                0x00008140       0x88 c:/nxp/mcuxpressoide_11.0.1_2563/ide/plugins/com.nxp.mcuxpresso.tools.win32_11.0.1.201907311258/tools/bin/../lib/gcc/arm-none-eabi/8.2.1/../../../../arm-none-eabi/lib/thumb/v6-m/nofp\libcr_c.a(powf.o)
 .rodata.a1.3979
                0x000081c8       0x88 c:/nxp/mcuxpressoide_11.0.1_2563/ide/plugins/com.nxp.mcuxpresso.tools.win32_11.0.1.201907311258/tools/bin/../lib/gcc/arm-none-eabi/8.2.1/../../../../arm-none-eabi/lib/thumb/v6-m/nofp\libcr_c.a(pow.o)
 .rodata.a2.3980
                0x00008250       0x40 c:/nxp/mcuxpressoide_11.0.1_2563/ide/plugins/com.nxp.mcuxpresso.tools.win32_11.0.1.201907311258/tools/bin/../lib/gcc/arm-none-eabi/8.2.1/../../../../arm-none-eabi/lib/thumb/v6-m/nofp\libcr_c.a(pow.o)
 .rodata        0x00008290      0x365 ./source/Main_free_RTOS.o
 *fill*         0x000085f5        0x3 ff
 .rodata        0x000085f8       0x57 ./source/buffer_functions.o
 *fill*         0x0000864f        0x1 ff
 .rodata        0x00008650       0x18 ./freertos/tasks.o
                0x00008658                FreeRTOSDebugConfig
 .rodata        0x00008668        0xd ./freertos/timers.o
 *fill*         0x00008675        0x3 ff
 .rodata.prvProcessReceivedCommands
                0x00008678       0x28 ./freertos/timers.o
 .rodata        0x000086a0      0x13a ./drivers/fsl_adc16.o
 *fill*         0x000087da        0x2 ff
 .rodata        0x000087dc      0x11d ./drivers/fsl_clock.o
 *fill*         0x000088f9        0x3 ff
 .rodata.fllFactorTable.5230
                0x000088fc       0x10 ./drivers/fsl_clock.o
 .rodata        0x0000890c        0x4 ./drivers/fsl_common.o
 .rodata        0x00008910      0x152 ./drivers/fsl_dac.o
 *fill*         0x00008a62        0x2 ff
 .rodata        0x00008a64      0x4ae ./drivers/fsl_dma.o
 *fill*         0x00008f12        0x2 ff
 .rodata.s_dmaIRQNumber
                0x00008f14        0x4 ./drivers/fsl_dma.o
 .rodata        0x00008f18       0x42 ./drivers/fsl_dmamux.o
 *fill*         0x00008f5a        0x2 ff
 .rodata        0x00008f5c      0x48c ./drivers/fsl_lpsci.o
 .rodata.s_uartBases
                0x000093e8        0xc ./drivers/fsl_uart.o
 .rodata.s_uartClock
                0x000093f4        0xc ./drivers/fsl_uart.o
 .rodata        0x00009400      0x45b ./drivers/fsl_uart.o
 *fill*         0x0000985b        0x1 ff
 .rodata.mcgConfig_BOARD_BootClockRUN
                0x0000985c        0xa ./board/clock_config.o
                0x0000985c                mcgConfig_BOARD_BootClockRUN
 *fill*         0x00009866        0x2 ff
 .rodata.simConfig_BOARD_BootClockRUN
                0x00009868        0x8 ./board/clock_config.o
                0x00009868                simConfig_BOARD_BootClockRUN
 .rodata.oscConfig_BOARD_BootClockRUN
                0x00009870        0x8 ./board/clock_config.o
                0x00009870                oscConfig_BOARD_BootClockRUN
 .rodata.__num_Ciob_streams
                0x00009878        0x4 c:/nxp/mcuxpressoide_11.0.1_2563/ide/plugins/com.nxp.mcuxpresso.tools.win32_11.0.1.201907311258/tools/bin/../lib/gcc/arm-none-eabi/8.2.1/../../../../arm-none-eabi/lib/thumb/v6-m/nofp\libcr_nohost_nf.a(__ciob.o)
                0x00009878                __num_Ciob_streams
 .rodata._initio.str1.1
                0x0000987c        0x4 c:/nxp/mcuxpressoide_11.0.1_2563/ide/plugins/com.nxp.mcuxpresso.tools.win32_11.0.1.201907311258/tools/bin/../lib/gcc/arm-none-eabi/8.2.1/../../../../arm-none-eabi/lib/thumb/v6-m/nofp\libcr_c.a(initio.o)
                0x00009880                . = ALIGN (0x4)

.glue_7         0x00009880        0x0
 .glue_7        0x00009880        0x0 linker stubs

.glue_7t        0x00009880        0x0
 .glue_7t       0x00009880        0x0 linker stubs

.vfp11_veneer   0x00009880        0x0
 .vfp11_veneer  0x00009880        0x0 linker stubs

.v4_bx          0x00009880        0x0
 .v4_bx         0x00009880        0x0 linker stubs

.iplt           0x00009880        0x0
 .iplt          0x00009880        0x0 ./utilities/fsl_debug_console.o

.rel.dyn        0x00009880        0x0
 .rel.iplt      0x00009880        0x0 ./utilities/fsl_debug_console.o

.ARM.extab
 *(SORT_BY_ALIGNMENT(.ARM.extab*) SORT_BY_ALIGNMENT(.gnu.linkonce.armextab.*))
                0x00009880                __exidx_start = .

.ARM.exidx
 *(SORT_BY_ALIGNMENT(.ARM.exidx*) SORT_BY_ALIGNMENT(.gnu.linkonce.armexidx.*))
                0x00009880                __exidx_end = .
                0x00009880                _etext = .

.m_usb_data
 *(SORT_BY_ALIGNMENT(m_usb_bdt))

.mtb_buffer_default
                0x1ffff000       0x80
 *(SORT_BY_ALIGNMENT(.mtb*))
 .mtb.$RAM1     0x1ffff000       0x80 ./source/mtb.o
                0x1ffff000                __mtb_buffer__

.uninit_RESERVED
                0x1ffff080        0x0
                0x1ffff080                . = ALIGN (0x4)
 *(SORT_BY_ALIGNMENT(.bss.$RESERVED*))
                0x1ffff080                . = ALIGN (0x4)
                0x1ffff080                _end_uninit_RESERVED = .

.data           0x1ffff080        0xc load address 0x00009880
 FILL mask 0xff
                0x1ffff080                _data = .
 *(SORT_BY_ALIGNMENT(vtable))
 *(SORT_BY_ALIGNMENT(.ramfunc*))
 *(SORT_BY_ALIGNMENT(CodeQuickAccess))
 *(SORT_BY_ALIGNMENT(DataQuickAccess))
 *(SORT_BY_ALIGNMENT(RamFunction))
 *(SORT_BY_ALIGNMENT(.data*))
 .data.uxCriticalNesting
                0x1ffff080        0x4 ./freertos/port.o
 .data.s_slowIrcFreq
                0x1ffff084        0x4 ./drivers/fsl_clock.o
 .data.SystemCoreClock
                0x1ffff088        0x4 ./CMSIS/system_MKL25Z4.o
                0x1ffff088                SystemCoreClock
                0x1ffff08c                . = ALIGN (0x4)
                0x1ffff08c                _edata = .

.igot.plt       0x1ffff08c        0x0 load address 0x0000988c
 .igot.plt      0x1ffff08c        0x0 ./utilities/fsl_debug_console.o

.bss            0x1ffff08c     0x2ba8 load address 0x0000988c
                0x1ffff08c                . = ALIGN (0x4)
                0x1ffff08c                _bss = .
 *(SORT_BY_ALIGNMENT(.bss*))
 .bss.s_debugConsole
                0x1ffff08c       0x10 ./utilities/fsl_debug_console.o
 .bss.destAddr  0x1ffff09c       0x80 ./source/Main_free_RTOS.o
                0x1ffff09c                destAddr
 .bss.SineLUT   0x1ffff11c       0x66 ./source/Main_free_RTOS.o
                0x1ffff11c                SineLUT
 *fill*         0x1ffff182        0x2 
 .bss.sampleholder
                0x1ffff184        0x4 ./source/Main_free_RTOS.o
                0x1ffff184                sampleholder
 .bss.transferConfig
                0x1ffff188       0x10 ./source/Main_free_RTOS.o
                0x1ffff188                transferConfig
 .bss.g_DMA_Handle
                0x1ffff198       0x10 ./source/Main_free_RTOS.o
                0x1ffff198                g_DMA_Handle
 .bss.xMutex    0x1ffff1a8        0x4 ./source/Main_free_RTOS.o
                0x1ffff1a8                xMutex
 .bss.ucHeap    0x1ffff1ac     0x2800 ./freertos/heap_4.o
 .bss.xStart    0x200019ac        0x8 ./freertos/heap_4.o
 .bss.pxEnd     0x200019b4        0x4 ./freertos/heap_4.o
 .bss.xFreeBytesRemaining
                0x200019b8        0x4 ./freertos/heap_4.o
 .bss.xMinimumEverFreeBytesRemaining
                0x200019bc        0x4 ./freertos/heap_4.o
 .bss.xBlockAllocatedBit
                0x200019c0        0x4 ./freertos/heap_4.o
 .bss.xQueueRegistry
                0x200019c4       0x40 ./freertos/queue.o
                0x200019c4                xQueueRegistry
 .bss.pxCurrentTCB
                0x20001a04        0x4 ./freertos/tasks.o
                0x20001a04                pxCurrentTCB
 .bss.pxReadyTasksLists
                0x20001a08       0x64 ./freertos/tasks.o
 .bss.xDelayedTaskList1
                0x20001a6c       0x14 ./freertos/tasks.o
 .bss.xDelayedTaskList2
                0x20001a80       0x14 ./freertos/tasks.o
 .bss.pxDelayedTaskList
                0x20001a94        0x4 ./freertos/tasks.o
 .bss.pxOverflowDelayedTaskList
                0x20001a98        0x4 ./freertos/tasks.o
 .bss.xPendingReadyList
                0x20001a9c       0x14 ./freertos/tasks.o
 .bss.xTasksWaitingTermination
                0x20001ab0       0x14 ./freertos/tasks.o
 .bss.uxDeletedTasksWaitingCleanUp
                0x20001ac4        0x4 ./freertos/tasks.o
 .bss.xSuspendedTaskList
                0x20001ac8       0x14 ./freertos/tasks.o
 .bss.uxCurrentNumberOfTasks
                0x20001adc        0x4 ./freertos/tasks.o
 .bss.xTickCount
                0x20001ae0        0x4 ./freertos/tasks.o
 .bss.uxTopReadyPriority
                0x20001ae4        0x4 ./freertos/tasks.o
 .bss.xSchedulerRunning
                0x20001ae8        0x4 ./freertos/tasks.o
 .bss.uxPendedTicks
                0x20001aec        0x4 ./freertos/tasks.o
 .bss.xYieldPending
                0x20001af0        0x4 ./freertos/tasks.o
 .bss.xNumOfOverflows
                0x20001af4        0x4 ./freertos/tasks.o
 .bss.uxTaskNumber
                0x20001af8        0x4 ./freertos/tasks.o
 .bss.xNextTaskUnblockTime
                0x20001afc        0x4 ./freertos/tasks.o
 .bss.xIdleTaskHandle
                0x20001b00        0x4 ./freertos/tasks.o
 .bss.uxSchedulerSuspended
                0x20001b04        0x4 ./freertos/tasks.o
 .bss.xActiveTimerList1
                0x20001b08       0x14 ./freertos/timers.o
 .bss.xActiveTimerList2
                0x20001b1c       0x14 ./freertos/timers.o
 .bss.pxCurrentTimerList
                0x20001b30        0x4 ./freertos/timers.o
 .bss.pxOverflowTimerList
                0x20001b34        0x4 ./freertos/timers.o
 .bss.xTimerQueue
                0x20001b38        0x4 ./freertos/timers.o
 .bss.xTimerTaskHandle
                0x20001b3c        0x4 ./freertos/timers.o
 .bss.xLastTime.4576
                0x20001b40        0x4 ./freertos/timers.o
 .bss.g_xtal0Freq
                0x20001b44        0x4 ./drivers/fsl_clock.o
                0x20001b44                g_xtal0Freq
 .bss.s_DMAHandle
                0x20001b48       0x10 ./drivers/fsl_dma.o
 .bss.s_lpsciHandle
                0x20001b58        0x4 ./drivers/fsl_lpsci.o
 .bss.s_lpsciIsr
                0x20001b5c        0x4 ./drivers/fsl_lpsci.o
 .bss.s_uartHandle
                0x20001b60        0xc ./drivers/fsl_uart.o
 .bss.s_uartIsr
                0x20001b6c        0x4 ./drivers/fsl_uart.o
 .bss.errno     0x20001b70        0x4 c:/nxp/mcuxpressoide_11.0.1_2563/ide/plugins/com.nxp.mcuxpresso.tools.win32_11.0.1.201907311258/tools/bin/../lib/gcc/arm-none-eabi/8.2.1/../../../../arm-none-eabi/lib/thumb/v6-m/nofp\libcr_c.a(errno.o)
                0x20001b70                errno
 .bss.__end_of_heap
                0x20001b74        0x4 c:/nxp/mcuxpressoide_11.0.1_2563/ide/plugins/com.nxp.mcuxpresso.tools.win32_11.0.1.201907311258/tools/bin/../lib/gcc/arm-none-eabi/8.2.1/../../../../arm-none-eabi/lib/thumb/v6-m/nofp\libcr_c.a(__init_alloc.o)
                0x20001b74                __end_of_heap
 .bss.__heaps   0x20001b78        0x4 c:/nxp/mcuxpressoide_11.0.1_2563/ide/plugins/com.nxp.mcuxpresso.tools.win32_11.0.1.201907311258/tools/bin/../lib/gcc/arm-none-eabi/8.2.1/../../../../arm-none-eabi/lib/thumb/v6-m/nofp\libcr_c.a(__init_alloc.o)
                0x20001b78                __heaps
 .bss.__Ciob    0x20001b7c       0xb4 c:/nxp/mcuxpressoide_11.0.1_2563/ide/plugins/com.nxp.mcuxpresso.tools.win32_11.0.1.201907311258/tools/bin/../lib/gcc/arm-none-eabi/8.2.1/../../../../arm-none-eabi/lib/thumb/v6-m/nofp\libcr_nohost_nf.a(__ciob.o)
                0x20001b7c                __Ciob
 .bss.task_counter
                0x20001c30        0x1 ./source/Main_free_RTOS.o
                0x20001c30                task_counter
 .bss.g_Transfer_Done
                0x20001c31        0x1 ./source/Main_free_RTOS.o
                0x20001c31                g_Transfer_Done
 .bss.rw        0x20001c32        0x1 ./source/buffer_functions.o
                0x20001c32                rw
 .bss.result    0x20001c33        0x1 ./source/buffer_functions.o
                0x20001c33                result
 *(SORT_BY_ALIGNMENT(COMMON))
                0x20001c34                . = ALIGN (0x4)
                0x20001c34                _ebss = .
                [!provide]                PROVIDE (end = .)

.noinit         0x20001c34        0x0 load address 0x0000988c
                0x20001c34                . = ALIGN (0x4)
                0x20001c34                _noinit = .
 *(SORT_BY_ALIGNMENT(.noinit*))
                0x20001c34                . = ALIGN (0x4)
                0x20001c34                _end_noinit = .
                0x00000800                _HeapSize = 0x800

.heap           0x20001c34      0x800 load address 0x0000988c
                0x20001c34                _pvHeapStart = .
                0x20002434                . = (. + _HeapSize)
 *fill*         0x20001c34      0x800 
                0x20002434                . = ALIGN (0x4)
                0x20002434                _pvHeapLimit = .
                0x00000900                _StackSize = 0x900

.heap2stackfill
                0x20002434      0x900 load address 0x0000988c
                0x20002d34                . = (. + _StackSize)
 *fill*         0x20002434      0x900 

.stack          0x20002700        0x0
                0x20002700                _vStackBase = .
                0x20002700                . = ALIGN (0x4)
                0x20003000                _vStackTop = (. + _StackSize)
                0x00000000                _image_start = LOADADDR (.text)
                0x0000988c                _image_end = (LOADADDR (.data) + SIZEOF (.data))
                0x0000988c                _image_size = (_image_end - _image_start)
OUTPUT(Free_RTOS_PES_6.axf elf32-littlearm)

.debug_info     0x00000000    0x10044
 .debug_info    0x00000000      0xfba ./utilities/fsl_debug_console.o
 .debug_info    0x00000fba      0x4db ./startup/startup_mkl25z4.o
 .debug_info    0x00001495     0x1591 ./source/Main_free_RTOS.o
 .debug_info    0x00002a26      0x582 ./source/buffer_functions.o
 .debug_info    0x00002fa8       0x4f ./source/mtb.o
 .debug_info    0x00002ff7       0x38 ./source/semihost_hardfault.o
 .debug_info    0x0000302f       0xe8 ./freertos/fsl_tickless_lptmr.o
 .debug_info    0x00003117      0x330 ./freertos/heap_4.o
 .debug_info    0x00003447      0x2e7 ./freertos/list.o
 .debug_info    0x0000372e      0x276 ./freertos/port.o
 .debug_info    0x000039a4      0xef7 ./freertos/queue.o
 .debug_info    0x0000489b     0x18e2 ./freertos/tasks.o
 .debug_info    0x0000617d      0xb8e ./freertos/timers.o
 .debug_info    0x00006d0b      0xc9a ./drivers/fsl_adc16.o
 .debug_info    0x000079a5     0x1a93 ./drivers/fsl_clock.o
 .debug_info    0x00009438      0x44a ./drivers/fsl_common.o
 .debug_info    0x00009882      0x8b6 ./drivers/fsl_dac.o
 .debug_info    0x0000a138      0xf4a ./drivers/fsl_dma.o
 .debug_info    0x0000b082      0x4e3 ./drivers/fsl_dmamux.o
 .debug_info    0x0000b565     0x1465 ./drivers/fsl_lpsci.o
 .debug_info    0x0000c9ca     0x1406 ./drivers/fsl_uart.o
 .debug_info    0x0000ddd0      0x6f6 ./board/board.o
 .debug_info    0x0000e4c6      0xafa ./board/clock_config.o
 .debug_info    0x0000efc0      0x59f ./board/pin_mux.o
 .debug_info    0x0000f55f      0x6b0 ./CMSIS/Led.o
 .debug_info    0x0000fc0f      0x435 ./CMSIS/system_MKL25Z4.o

.debug_abbrev   0x00000000     0x335c
 .debug_abbrev  0x00000000      0x2d4 ./utilities/fsl_debug_console.o
 .debug_abbrev  0x000002d4      0x18a ./startup/startup_mkl25z4.o
 .debug_abbrev  0x0000045e      0x314 ./source/Main_free_RTOS.o
 .debug_abbrev  0x00000772      0x19e ./source/buffer_functions.o
 .debug_abbrev  0x00000910       0x43 ./source/mtb.o
 .debug_abbrev  0x00000953       0x2e ./source/semihost_hardfault.o
 .debug_abbrev  0x00000981       0x97 ./freertos/fsl_tickless_lptmr.o
 .debug_abbrev  0x00000a18      0x1a4 ./freertos/heap_4.o
 .debug_abbrev  0x00000bbc      0x123 ./freertos/list.o
 .debug_abbrev  0x00000cdf      0x1b0 ./freertos/port.o
 .debug_abbrev  0x00000e8f      0x211 ./freertos/queue.o
 .debug_abbrev  0x000010a0      0x2cd ./freertos/tasks.o
 .debug_abbrev  0x0000136d      0x222 ./freertos/timers.o
 .debug_abbrev  0x0000158f      0x29f ./drivers/fsl_adc16.o
 .debug_abbrev  0x0000182e      0x36c ./drivers/fsl_clock.o
 .debug_abbrev  0x00001b9a      0x27b ./drivers/fsl_common.o
 .debug_abbrev  0x00001e15      0x234 ./drivers/fsl_dac.o
 .debug_abbrev  0x00002049      0x2e9 ./drivers/fsl_dma.o
 .debug_abbrev  0x00002332      0x1ad ./drivers/fsl_dmamux.o
 .debug_abbrev  0x000024df      0x306 ./drivers/fsl_lpsci.o
 .debug_abbrev  0x000027e5      0x320 ./drivers/fsl_uart.o
 .debug_abbrev  0x00002b05      0x182 ./board/board.o
 .debug_abbrev  0x00002c87      0x20e ./board/clock_config.o
 .debug_abbrev  0x00002e95      0x1b8 ./board/pin_mux.o
 .debug_abbrev  0x0000304d      0x1bc ./CMSIS/Led.o
 .debug_abbrev  0x00003209      0x153 ./CMSIS/system_MKL25Z4.o

.debug_aranges  0x00000000      0xfe8
 .debug_aranges
                0x00000000       0x98 ./utilities/fsl_debug_console.o
 .debug_aranges
                0x00000098      0x160 ./startup/startup_mkl25z4.o
 .debug_aranges
                0x000001f8       0x90 ./source/Main_free_RTOS.o
 .debug_aranges
                0x00000288       0x70 ./source/buffer_functions.o
 .debug_aranges
                0x000002f8       0x18 ./source/mtb.o
 .debug_aranges
                0x00000310       0x20 ./source/semihost_hardfault.o
 .debug_aranges
                0x00000330       0x20 ./freertos/fsl_tickless_lptmr.o
 .debug_aranges
                0x00000350       0x50 ./freertos/heap_4.o
 .debug_aranges
                0x000003a0       0x40 ./freertos/list.o
 .debug_aranges
                0x000003e0       0x80 ./freertos/port.o
 .debug_aranges
                0x00000460      0x118 ./freertos/queue.o
 .debug_aranges
                0x00000578      0x1e8 ./freertos/tasks.o
 .debug_aranges
                0x00000760       0xc8 ./freertos/timers.o
 .debug_aranges
                0x00000828       0x88 ./drivers/fsl_adc16.o
 .debug_aranges
                0x000008b0      0x1d8 ./drivers/fsl_clock.o
 .debug_aranges
                0x00000a88       0x38 ./drivers/fsl_common.o
 .debug_aranges
                0x00000ac0       0x90 ./drivers/fsl_dac.o
 .debug_aranges
                0x00000b50       0xd0 ./drivers/fsl_dma.o
 .debug_aranges
                0x00000c20       0x40 ./drivers/fsl_dmamux.o
 .debug_aranges
                0x00000c60      0x118 ./drivers/fsl_lpsci.o
 .debug_aranges
                0x00000d78      0x130 ./drivers/fsl_uart.o
 .debug_aranges
                0x00000ea8       0x28 ./board/board.o
 .debug_aranges
                0x00000ed0       0x58 ./board/clock_config.o
 .debug_aranges
                0x00000f28       0x38 ./board/pin_mux.o
 .debug_aranges
                0x00000f60       0x60 ./CMSIS/Led.o
 .debug_aranges
                0x00000fc0       0x28 ./CMSIS/system_MKL25Z4.o

.debug_ranges   0x00000000      0xe40
 .debug_ranges  0x00000000       0x88 ./utilities/fsl_debug_console.o
 .debug_ranges  0x00000088      0x150 ./startup/startup_mkl25z4.o
 .debug_ranges  0x000001d8       0x80 ./source/Main_free_RTOS.o
 .debug_ranges  0x00000258       0x60 ./source/buffer_functions.o
 .debug_ranges  0x000002b8       0x10 ./source/semihost_hardfault.o
 .debug_ranges  0x000002c8       0x10 ./freertos/fsl_tickless_lptmr.o
 .debug_ranges  0x000002d8       0x40 ./freertos/heap_4.o
 .debug_ranges  0x00000318       0x30 ./freertos/list.o
 .debug_ranges  0x00000348       0x70 ./freertos/port.o
 .debug_ranges  0x000003b8      0x108 ./freertos/queue.o
 .debug_ranges  0x000004c0      0x1d8 ./freertos/tasks.o
 .debug_ranges  0x00000698       0xb8 ./freertos/timers.o
 .debug_ranges  0x00000750       0x78 ./drivers/fsl_adc16.o
 .debug_ranges  0x000007c8      0x1c8 ./drivers/fsl_clock.o
 .debug_ranges  0x00000990       0x28 ./drivers/fsl_common.o
 .debug_ranges  0x000009b8       0x80 ./drivers/fsl_dac.o
 .debug_ranges  0x00000a38       0xc0 ./drivers/fsl_dma.o
 .debug_ranges  0x00000af8       0x30 ./drivers/fsl_dmamux.o
 .debug_ranges  0x00000b28      0x108 ./drivers/fsl_lpsci.o
 .debug_ranges  0x00000c30      0x120 ./drivers/fsl_uart.o
 .debug_ranges  0x00000d50       0x18 ./board/board.o
 .debug_ranges  0x00000d68       0x48 ./board/clock_config.o
 .debug_ranges  0x00000db0       0x28 ./board/pin_mux.o
 .debug_ranges  0x00000dd8       0x50 ./CMSIS/Led.o
 .debug_ranges  0x00000e28       0x18 ./CMSIS/system_MKL25Z4.o

.debug_line     0x00000000     0x9733
 .debug_line    0x00000000      0xc71 ./utilities/fsl_debug_console.o
 .debug_line    0x00000c71      0x1e7 ./startup/startup_mkl25z4.o
 .debug_line    0x00000e58      0x699 ./source/Main_free_RTOS.o
 .debug_line    0x000014f1      0x416 ./source/buffer_functions.o
 .debug_line    0x00001907       0x30 ./source/mtb.o
 .debug_line    0x00001937       0x5a ./source/semihost_hardfault.o
 .debug_line    0x00001991      0x18c ./freertos/fsl_tickless_lptmr.o
 .debug_line    0x00001b1d      0x3c6 ./freertos/heap_4.o
 .debug_line    0x00001ee3      0x272 ./freertos/list.o
 .debug_line    0x00002155      0x30d ./freertos/port.o
 .debug_line    0x00002462      0xbdd ./freertos/queue.o
 .debug_line    0x0000303f     0x1488 ./freertos/tasks.o
 .debug_line    0x000044c7      0x67b ./freertos/timers.o
 .debug_line    0x00004b42      0x558 ./drivers/fsl_adc16.o
 .debug_line    0x0000509a     0x1204 ./drivers/fsl_clock.o
 .debug_line    0x0000629e      0x29d ./drivers/fsl_common.o
 .debug_line    0x0000653b      0x43e ./drivers/fsl_dac.o
 .debug_line    0x00006979      0x65b ./drivers/fsl_dma.o
 .debug_line    0x00006fd4      0x259 ./drivers/fsl_dmamux.o
 .debug_line    0x0000722d      0xc88 ./drivers/fsl_lpsci.o
 .debug_line    0x00007eb5      0xc77 ./drivers/fsl_uart.o
 .debug_line    0x00008b2c      0x1da ./board/board.o
 .debug_line    0x00008d06      0x2b7 ./board/clock_config.o
 .debug_line    0x00008fbd      0x228 ./board/pin_mux.o
 .debug_line    0x000091e5      0x2a6 ./CMSIS/Led.o
 .debug_line    0x0000948b      0x2a8 ./CMSIS/system_MKL25Z4.o

.debug_str      0x00000000     0x6ec5
 .debug_str     0x00000000      0xd30 ./utilities/fsl_debug_console.o
                                0xdc8 (size before relaxing)
 .debug_str     0x00000d30      0x394 ./startup/startup_mkl25z4.o
                                0x4e7 (size before relaxing)
 .debug_str     0x000010c4      0xf40 ./source/Main_free_RTOS.o
                               0x170d (size before relaxing)
 .debug_str     0x00002004      0x10f ./source/buffer_functions.o
                                0x820 (size before relaxing)
 .debug_str     0x00002113       0x1f ./source/mtb.o
                                0x171 (size before relaxing)
 .debug_str     0x00002132       0x1f ./source/semihost_hardfault.o
                                0x171 (size before relaxing)
 .debug_str     0x00002151       0x38 ./freertos/fsl_tickless_lptmr.o
                                0x262 (size before relaxing)
 .debug_str     0x00002189      0x1d3 ./freertos/heap_4.o
                                0x3e8 (size before relaxing)
 .debug_str     0x0000235c      0x131 ./freertos/list.o
                                0x35c (size before relaxing)
 .debug_str     0x0000248d      0x130 ./freertos/port.o
                                0x39e (size before relaxing)
 .debug_str     0x000025bd      0x557 ./freertos/queue.o
                                0x87e (size before relaxing)
 .debug_str     0x00002b14      0xbdf ./freertos/tasks.o
                                0xffc (size before relaxing)
 .debug_str     0x000036f3      0x4dd ./freertos/timers.o
                                0x83e (size before relaxing)
 .debug_str     0x00003bd0      0x56c ./drivers/fsl_adc16.o
                               0x1270 (size before relaxing)
 .debug_str     0x0000413c      0xc2d ./drivers/fsl_clock.o
                               0x1812 (size before relaxing)
 .debug_str     0x00004d69      0x302 ./drivers/fsl_common.o
                                0x534 (size before relaxing)
 .debug_str     0x0000506b      0x253 ./drivers/fsl_dac.o
                                0xbc3 (size before relaxing)
 .debug_str     0x000052be      0x5c5 ./drivers/fsl_dma.o
                               0x12a4 (size before relaxing)
 .debug_str     0x00005883       0x65 ./drivers/fsl_dmamux.o
                                0x8cb (size before relaxing)
 .debug_str     0x000058e8      0x93c ./drivers/fsl_lpsci.o
                               0x15da (size before relaxing)
 .debug_str     0x00006224      0x819 ./drivers/fsl_uart.o
                               0x15e6 (size before relaxing)
 .debug_str     0x00006a3d       0x4c ./board/board.o
                                0x6bb (size before relaxing)
 .debug_str     0x00006a89      0x237 ./board/clock_config.o
                                0xdf9 (size before relaxing)
 .debug_str     0x00006cc0      0x168 ./board/pin_mux.o
                                0x602 (size before relaxing)
 .debug_str     0x00006e28       0x56 ./CMSIS/Led.o
                                0x703 (size before relaxing)
 .debug_str     0x00006e7e       0x47 ./CMSIS/system_MKL25Z4.o
                                0x353 (size before relaxing)

.comment        0x00000000       0x75
 .comment       0x00000000       0x75 ./utilities/fsl_debug_console.o
                                 0x76 (size before relaxing)
 .comment       0x00000075       0x76 ./startup/startup_mkl25z4.o
 .comment       0x00000075       0x76 ./source/Main_free_RTOS.o
 .comment       0x00000075       0x76 ./source/buffer_functions.o
 .comment       0x00000075       0x76 ./source/mtb.o
 .comment       0x00000075       0x76 ./source/semihost_hardfault.o
 .comment       0x00000075       0x76 ./freertos/fsl_tickless_lptmr.o
 .comment       0x00000075       0x76 ./freertos/heap_4.o
 .comment       0x00000075       0x76 ./freertos/list.o
 .comment       0x00000075       0x76 ./freertos/port.o
 .comment       0x00000075       0x76 ./freertos/queue.o
 .comment       0x00000075       0x76 ./freertos/tasks.o
 .comment       0x00000075       0x76 ./freertos/timers.o
 .comment       0x00000075       0x76 ./drivers/fsl_adc16.o
 .comment       0x00000075       0x76 ./drivers/fsl_clock.o
 .comment       0x00000075       0x76 ./drivers/fsl_common.o
 .comment       0x00000075       0x76 ./drivers/fsl_dac.o
 .comment       0x00000075       0x76 ./drivers/fsl_dma.o
 .comment       0x00000075       0x76 ./drivers/fsl_dmamux.o
 .comment       0x00000075       0x76 ./drivers/fsl_lpsci.o
 .comment       0x00000075       0x76 ./drivers/fsl_uart.o
 .comment       0x00000075       0x76 ./board/board.o
 .comment       0x00000075       0x76 ./board/clock_config.o
 .comment       0x00000075       0x76 ./board/pin_mux.o
 .comment       0x00000075       0x76 ./CMSIS/Led.o
 .comment       0x00000075       0x76 ./CMSIS/system_MKL25Z4.o
 .comment       0x00000075       0x76 c:/nxp/mcuxpressoide_11.0.1_2563/ide/plugins/com.nxp.mcuxpresso.tools.win32_11.0.1.201907311258/tools/bin/../lib/gcc/arm-none-eabi/8.2.1/../../../../arm-none-eabi/lib/thumb/v6-m/nofp\libcr_nohost_nf.a(_cr__main.o)
 .comment       0x00000075       0x76 c:/nxp/mcuxpressoide_11.0.1_2563/ide/plugins/com.nxp.mcuxpresso.tools.win32_11.0.1.201907311258/tools/bin/../lib/gcc/arm-none-eabi/8.2.1/../../../../arm-none-eabi/lib/thumb/v6-m/nofp\libcr_c.a(powf.o)
 .comment       0x00000075       0x76 c:/nxp/mcuxpressoide_11.0.1_2563/ide/plugins/com.nxp.mcuxpresso.tools.win32_11.0.1.201907311258/tools/bin/../lib/gcc/arm-none-eabi/8.2.1/../../../../arm-none-eabi/lib/thumb/v6-m/nofp\libcr_c.a(sqrtf.o)
 .comment       0x00000075       0x76 c:/nxp/mcuxpressoide_11.0.1_2563/ide/plugins/com.nxp.mcuxpresso.tools.win32_11.0.1.201907311258/tools/bin/../lib/gcc/arm-none-eabi/8.2.1/../../../../arm-none-eabi/lib/thumb/v6-m/nofp\libcr_c.a(memcpy.o)
 .comment       0x00000075       0x76 c:/nxp/mcuxpressoide_11.0.1_2563/ide/plugins/com.nxp.mcuxpresso.tools.win32_11.0.1.201907311258/tools/bin/../lib/gcc/arm-none-eabi/8.2.1/../../../../arm-none-eabi/lib/thumb/v6-m/nofp\libcr_c.a(memset.o)
 .comment       0x00000075       0x76 c:/nxp/mcuxpressoide_11.0.1_2563/ide/plugins/com.nxp.mcuxpresso.tools.win32_11.0.1.201907311258/tools/bin/../lib/gcc/arm-none-eabi/8.2.1/../../../../arm-none-eabi/lib/thumb/v6-m/nofp\libcr_c.a(alloc.o)
 .comment       0x00000075       0x76 c:/nxp/mcuxpressoide_11.0.1_2563/ide/plugins/com.nxp.mcuxpresso.tools.win32_11.0.1.201907311258/tools/bin/../lib/gcc/arm-none-eabi/8.2.1/../../../../arm-none-eabi/lib/thumb/v6-m/nofp\libcr_c.a(errno.o)
 .comment       0x00000075       0x76 c:/nxp/mcuxpressoide_11.0.1_2563/ide/plugins/com.nxp.mcuxpresso.tools.win32_11.0.1.201907311258/tools/bin/../lib/gcc/arm-none-eabi/8.2.1/../../../../arm-none-eabi/lib/thumb/v6-m/nofp\libcr_c.a(initio.o)
 .comment       0x00000075       0x76 c:/nxp/mcuxpressoide_11.0.1_2563/ide/plugins/com.nxp.mcuxpresso.tools.win32_11.0.1.201907311258/tools/bin/../lib/gcc/arm-none-eabi/8.2.1/../../../../arm-none-eabi/lib/thumb/v6-m/nofp\libcr_c.a(modf.o)
 .comment       0x00000075       0x76 c:/nxp/mcuxpressoide_11.0.1_2563/ide/plugins/com.nxp.mcuxpresso.tools.win32_11.0.1.201907311258/tools/bin/../lib/gcc/arm-none-eabi/8.2.1/../../../../arm-none-eabi/lib/thumb/v6-m/nofp\libcr_c.a(pow.o)
 .comment       0x00000075       0x76 c:/nxp/mcuxpressoide_11.0.1_2563/ide/plugins/com.nxp.mcuxpresso.tools.win32_11.0.1.201907311258/tools/bin/../lib/gcc/arm-none-eabi/8.2.1/../../../../arm-none-eabi/lib/thumb/v6-m/nofp\libcr_c.a(setvbuf.o)
 .comment       0x00000075       0x76 c:/nxp/mcuxpressoide_11.0.1_2563/ide/plugins/com.nxp.mcuxpresso.tools.win32_11.0.1.201907311258/tools/bin/../lib/gcc/arm-none-eabi/8.2.1/../../../../arm-none-eabi/lib/thumb/v6-m/nofp\libcr_c.a(sin.o)
 .comment       0x00000075       0x76 c:/nxp/mcuxpressoide_11.0.1_2563/ide/plugins/com.nxp.mcuxpresso.tools.win32_11.0.1.201907311258/tools/bin/../lib/gcc/arm-none-eabi/8.2.1/../../../../arm-none-eabi/lib/thumb/v6-m/nofp\libcr_c.a(strlen.o)
 .comment       0x00000075       0x76 c:/nxp/mcuxpressoide_11.0.1_2563/ide/plugins/com.nxp.mcuxpresso.tools.win32_11.0.1.201907311258/tools/bin/../lib/gcc/arm-none-eabi/8.2.1/../../../../arm-none-eabi/lib/thumb/v6-m/nofp\libcr_c.a(frexpf.o)
 .comment       0x00000075       0x76 c:/nxp/mcuxpressoide_11.0.1_2563/ide/plugins/com.nxp.mcuxpresso.tools.win32_11.0.1.201907311258/tools/bin/../lib/gcc/arm-none-eabi/8.2.1/../../../../arm-none-eabi/lib/thumb/v6-m/nofp\libcr_c.a(ldexpf.o)
 .comment       0x00000075       0x76 c:/nxp/mcuxpressoide_11.0.1_2563/ide/plugins/com.nxp.mcuxpresso.tools.win32_11.0.1.201907311258/tools/bin/../lib/gcc/arm-none-eabi/8.2.1/../../../../arm-none-eabi/lib/thumb/v6-m/nofp\libcr_c.a(__init_alloc.o)
 .comment       0x00000075       0x76 c:/nxp/mcuxpressoide_11.0.1_2563/ide/plugins/com.nxp.mcuxpresso.tools.win32_11.0.1.201907311258/tools/bin/../lib/gcc/arm-none-eabi/8.2.1/../../../../arm-none-eabi/lib/thumb/v6-m/nofp\libcr_c.a(_cr_sbrk.o)
 .comment       0x00000075       0x76 c:/nxp/mcuxpressoide_11.0.1_2563/ide/plugins/com.nxp.mcuxpresso.tools.win32_11.0.1.201907311258/tools/bin/../lib/gcc/arm-none-eabi/8.2.1/../../../../arm-none-eabi/lib/thumb/v6-m/nofp\libcr_c.a(_fdopen.o)
 .comment       0x00000075       0x76 c:/nxp/mcuxpressoide_11.0.1_2563/ide/plugins/com.nxp.mcuxpresso.tools.win32_11.0.1.201907311258/tools/bin/../lib/gcc/arm-none-eabi/8.2.1/../../../../arm-none-eabi/lib/thumb/v6-m/nofp\libcr_c.a(_sincos.o)
 .comment       0x00000075       0x76 c:/nxp/mcuxpressoide_11.0.1_2563/ide/plugins/com.nxp.mcuxpresso.tools.win32_11.0.1.201907311258/tools/bin/../lib/gcc/arm-none-eabi/8.2.1/../../../../arm-none-eabi/lib/thumb/v6-m/nofp\libcr_c.a(fabs.o)
 .comment       0x00000075       0x76 c:/nxp/mcuxpressoide_11.0.1_2563/ide/plugins/com.nxp.mcuxpresso.tools.win32_11.0.1.201907311258/tools/bin/../lib/gcc/arm-none-eabi/8.2.1/../../../../arm-none-eabi/lib/thumb/v6-m/nofp\libcr_c.a(fclose.o)
 .comment       0x00000075       0x76 c:/nxp/mcuxpressoide_11.0.1_2563/ide/plugins/com.nxp.mcuxpresso.tools.win32_11.0.1.201907311258/tools/bin/../lib/gcc/arm-none-eabi/8.2.1/../../../../arm-none-eabi/lib/thumb/v6-m/nofp\libcr_c.a(fflush.o)
 .comment       0x00000075       0x76 c:/nxp/mcuxpressoide_11.0.1_2563/ide/plugins/com.nxp.mcuxpresso.tools.win32_11.0.1.201907311258/tools/bin/../lib/gcc/arm-none-eabi/8.2.1/../../../../arm-none-eabi/lib/thumb/v6-m/nofp\libcr_c.a(frexp.o)
 .comment       0x00000075       0x76 c:/nxp/mcuxpressoide_11.0.1_2563/ide/plugins/com.nxp.mcuxpresso.tools.win32_11.0.1.201907311258/tools/bin/../lib/gcc/arm-none-eabi/8.2.1/../../../../arm-none-eabi/lib/thumb/v6-m/nofp\libcr_c.a(fseek.o)
 .comment       0x00000075       0x76 c:/nxp/mcuxpressoide_11.0.1_2563/ide/plugins/com.nxp.mcuxpresso.tools.win32_11.0.1.201907311258/tools/bin/../lib/gcc/arm-none-eabi/8.2.1/../../../../arm-none-eabi/lib/thumb/v6-m/nofp\libcr_c.a(ftell.o)
 .comment       0x00000075       0x76 c:/nxp/mcuxpressoide_11.0.1_2563/ide/plugins/com.nxp.mcuxpresso.tools.win32_11.0.1.201907311258/tools/bin/../lib/gcc/arm-none-eabi/8.2.1/../../../../arm-none-eabi/lib/thumb/v6-m/nofp\libcr_c.a(ldexp.o)
 .comment       0x00000075       0x76 c:/nxp/mcuxpressoide_11.0.1_2563/ide/plugins/com.nxp.mcuxpresso.tools.win32_11.0.1.201907311258/tools/bin/../lib/gcc/arm-none-eabi/8.2.1/../../../../arm-none-eabi/lib/thumb/v6-m/nofp\libcr_c.a(remove.o)
 .comment       0x00000075       0x76 c:/nxp/mcuxpressoide_11.0.1_2563/ide/plugins/com.nxp.mcuxpresso.tools.win32_11.0.1.201907311258/tools/bin/../lib/gcc/arm-none-eabi/8.2.1/../../../../arm-none-eabi/lib/thumb/v6-m/nofp\libcr_c.a(_cr_check_heap.o)
 .comment       0x00000075       0x76 c:/nxp/mcuxpressoide_11.0.1_2563/ide/plugins/com.nxp.mcuxpresso.tools.win32_11.0.1.201907311258/tools/bin/../lib/gcc/arm-none-eabi/8.2.1/../../../../arm-none-eabi/lib/thumb/v6-m/nofp\libcr_c.a(_do_fflush.o)
 .comment       0x00000075       0x76 c:/nxp/mcuxpressoide_11.0.1_2563/ide/plugins/com.nxp.mcuxpresso.tools.win32_11.0.1.201907311258/tools/bin/../lib/gcc/arm-none-eabi/8.2.1/../../../../arm-none-eabi/lib/thumb/v6-m/nofp\libcr_c.a(_fflush.o)
 .comment       0x00000075       0x76 c:/nxp/mcuxpressoide_11.0.1_2563/ide/plugins/com.nxp.mcuxpresso.tools.win32_11.0.1.201907311258/tools/bin/../lib/gcc/arm-none-eabi/8.2.1/../../../../arm-none-eabi/lib/thumb/v6-m/nofp\libcr_c.a(_writebuf.o)
 .comment       0x00000075       0x76 c:/nxp/mcuxpressoide_11.0.1_2563/ide/plugins/com.nxp.mcuxpresso.tools.win32_11.0.1.201907311258/tools/bin/../lib/gcc/arm-none-eabi/8.2.1/../../../../arm-none-eabi/lib/thumb/v6-m/nofp\libcr_c.a(_deferredlazyseek.o)
 .comment       0x00000075       0x76 c:/nxp/mcuxpressoide_11.0.1_2563/ide/plugins/com.nxp.mcuxpresso.tools.win32_11.0.1.201907311258/tools/bin/../lib/gcc/arm-none-eabi/8.2.1/thumb/v6-m/nofp\libcr_eabihelpers.a(double.o)
 .comment       0x00000075       0x76 c:/nxp/mcuxpressoide_11.0.1_2563/ide/plugins/com.nxp.mcuxpresso.tools.win32_11.0.1.201907311258/tools/bin/../lib/gcc/arm-none-eabi/8.2.1/thumb/v6-m/nofp\libcr_eabihelpers.a(float.o)
 .comment       0x00000075       0x76 c:/nxp/mcuxpressoide_11.0.1_2563/ide/plugins/com.nxp.mcuxpresso.tools.win32_11.0.1.201907311258/tools/bin/../lib/gcc/arm-none-eabi/8.2.1/../../../../arm-none-eabi/lib/thumb/v6-m/nofp\libcr_nohost_nf.a(__ciob.o)
 .comment       0x00000075       0x76 c:/nxp/mcuxpressoide_11.0.1_2563/ide/plugins/com.nxp.mcuxpresso.tools.win32_11.0.1.201907311258/tools/bin/../lib/gcc/arm-none-eabi/8.2.1/../../../../arm-none-eabi/lib/thumb/v6-m/nofp\libcr_nohost_nf.a(__sys_close.o)
 .comment       0x00000075       0x76 c:/nxp/mcuxpressoide_11.0.1_2563/ide/plugins/com.nxp.mcuxpresso.tools.win32_11.0.1.201907311258/tools/bin/../lib/gcc/arm-none-eabi/8.2.1/../../../../arm-none-eabi/lib/thumb/v6-m/nofp\libcr_nohost_nf.a(__sys_flen.o)
 .comment       0x00000075       0x76 c:/nxp/mcuxpressoide_11.0.1_2563/ide/plugins/com.nxp.mcuxpresso.tools.win32_11.0.1.201907311258/tools/bin/../lib/gcc/arm-none-eabi/8.2.1/../../../../arm-none-eabi/lib/thumb/v6-m/nofp\libcr_nohost_nf.a(__sys_istty.o)
 .comment       0x00000075       0x76 c:/nxp/mcuxpressoide_11.0.1_2563/ide/plugins/com.nxp.mcuxpresso.tools.win32_11.0.1.201907311258/tools/bin/../lib/gcc/arm-none-eabi/8.2.1/../../../../arm-none-eabi/lib/thumb/v6-m/nofp\libcr_nohost_nf.a(__sys_remove.o)
 .comment       0x00000075       0x76 c:/nxp/mcuxpressoide_11.0.1_2563/ide/plugins/com.nxp.mcuxpresso.tools.win32_11.0.1.201907311258/tools/bin/../lib/gcc/arm-none-eabi/8.2.1/../../../../arm-none-eabi/lib/thumb/v6-m/nofp\libcr_nohost_nf.a(__sys_seek.o)
 .comment       0x00000075       0x76 c:/nxp/mcuxpressoide_11.0.1_2563/ide/plugins/com.nxp.mcuxpresso.tools.win32_11.0.1.201907311258/tools/bin/../lib/gcc/arm-none-eabi/8.2.1/../../../../arm-none-eabi/lib/thumb/v6-m/nofp\libcr_nohost_nf.a(__sys_tmpnam.o)
 .comment       0x00000075       0x76 c:/nxp/mcuxpressoide_11.0.1_2563/ide/plugins/com.nxp.mcuxpresso.tools.win32_11.0.1.201907311258/tools/bin/../lib/gcc/arm-none-eabi/8.2.1/../../../../arm-none-eabi/lib/thumb/v6-m/nofp\libcr_nohost_nf.a(__sys_write.o)

.ARM.attributes
                0x00000000       0x2a
 .ARM.attributes
                0x00000000       0x2c ./utilities/fsl_debug_console.o
 .ARM.attributes
                0x0000002c       0x2c ./startup/startup_mkl25z4.o
 .ARM.attributes
                0x00000058       0x2c ./source/Main_free_RTOS.o
 .ARM.attributes
                0x00000084       0x2c ./source/buffer_functions.o
 .ARM.attributes
                0x000000b0       0x32 ./source/mtb.o
 .ARM.attributes
                0x000000e2       0x2c ./source/semihost_hardfault.o
 .ARM.attributes
                0x0000010e       0x2c ./freertos/fsl_tickless_lptmr.o
 .ARM.attributes
                0x0000013a       0x2c ./freertos/heap_4.o
 .ARM.attributes
                0x00000166       0x2c ./freertos/list.o
 .ARM.attributes
                0x00000192       0x2c ./freertos/port.o
 .ARM.attributes
                0x000001be       0x2c ./freertos/queue.o
 .ARM.attributes
                0x000001ea       0x2c ./freertos/tasks.o
 .ARM.attributes
                0x00000216       0x2c ./freertos/timers.o
 .ARM.attributes
                0x00000242       0x2c ./drivers/fsl_adc16.o
 .ARM.attributes
                0x0000026e       0x2c ./drivers/fsl_clock.o
 .ARM.attributes
                0x0000029a       0x2c ./drivers/fsl_common.o
 .ARM.attributes
                0x000002c6       0x2c ./drivers/fsl_dac.o
 .ARM.attributes
                0x000002f2       0x2c ./drivers/fsl_dma.o
 .ARM.attributes
                0x0000031e       0x2c ./drivers/fsl_dmamux.o
 .ARM.attributes
                0x0000034a       0x2c ./drivers/fsl_lpsci.o
 .ARM.attributes
                0x00000376       0x2c ./drivers/fsl_uart.o
 .ARM.attributes
                0x000003a2       0x2c ./board/board.o
 .ARM.attributes
                0x000003ce       0x2c ./board/clock_config.o
 .ARM.attributes
                0x000003fa       0x2c ./board/pin_mux.o
 .ARM.attributes
                0x00000426       0x2c ./CMSIS/Led.o
 .ARM.attributes
                0x00000452       0x2c ./CMSIS/system_MKL25Z4.o
 .ARM.attributes
                0x0000047e       0x2c c:/nxp/mcuxpressoide_11.0.1_2563/ide/plugins/com.nxp.mcuxpresso.tools.win32_11.0.1.201907311258/tools/bin/../lib/gcc/arm-none-eabi/8.2.1/../../../../arm-none-eabi/lib/thumb/v6-m/nofp\libcr_nohost_nf.a(_cr__main.o)
 .ARM.attributes
                0x000004aa       0x2c c:/nxp/mcuxpressoide_11.0.1_2563/ide/plugins/com.nxp.mcuxpresso.tools.win32_11.0.1.201907311258/tools/bin/../lib/gcc/arm-none-eabi/8.2.1/../../../../arm-none-eabi/lib/thumb/v6-m/nofp\libcr_c.a(powf.o)
 .ARM.attributes
                0x000004d6       0x2c c:/nxp/mcuxpressoide_11.0.1_2563/ide/plugins/com.nxp.mcuxpresso.tools.win32_11.0.1.201907311258/tools/bin/../lib/gcc/arm-none-eabi/8.2.1/../../../../arm-none-eabi/lib/thumb/v6-m/nofp\libcr_c.a(sqrtf.o)
 .ARM.attributes